[DEBUG] 2017-05-10 14:26:33,619 net2/session_manager.cpp(67) : ��ʱ���
[DEBUG] 2017-05-10 14:34:43,952 net2/session_manager.cpp(67) : ��ʱ���
[DEBUG] 2017-05-10 14:45:18,188 net2/session_manager.cpp(67) : ��ʱ���
[DEBUG] 2017-05-10 14:45:21,189 net2/session_manager.cpp(67) : ��ʱ���
[DEBUG] 2017-05-10 14:45:24,189 net2/session_manager.cpp(67) : ��ʱ���
[DEBUG] 2017-05-10 14:45:27,190 net2/session_manager.cpp(67) : ��ʱ���
[DEBUG] 2017-05-10 14:45:30,190 net2/session_manager.cpp(67) : ��ʱ���
[DEBUG] 2017-05-10 14:45:33,191 net2/session_manager.cpp(67) : ��ʱ���
[DEBUG] 2017-05-10 14:45:36,191 net2/session_manager.cpp(67) : ��ʱ���
[DEBUG] 2017-05-10 14:45:39,191 net2/session_manager.cpp(67) : ��ʱ���
[DEBUG] 2017-05-10 14:45:42,192 net2/session_manager.cpp(67) : ��ʱ���
[DEBUG] 2017-05-10 14:45:45,192 net2/session_manager.cpp(67) : ��ʱ���
[DEBUG] 2017-05-10 14:45:48,193 net2/session_manager.cpp(67) : ��ʱ���
[DEBUG] 2017-05-10 14:45:51,193 net2/session_manager.cpp(67) : ��ʱ���
[DEBUG] 2017-05-10 14:45:54,193 net2/session_manager.cpp(67) : ��ʱ���
[DEBUG] 2017-05-10 14:45:57,194 net2/session_manager.cpp(67) : ��ʱ���
[DEBUG] 2017-05-10 14:46:00,194 net2/session_manager.cpp(67) : ��ʱ���
[DEBUG] 2017-05-10 14:46:01,068 net2/socket_session.cpp(60) : XXXenter.
[DEBUG] 2017-05-10 14:46:03,195 net2/session_manager.cpp(24) : ѭ��
[DEBUG] 2017-05-10 14:46:03,195 net2/session_manager.cpp(67) : ��ʱ���
[DEBUG] 2017-05-10 14:46:06,195 net2/session_manager.cpp(24) : ѭ��
[DEBUG] 2017-05-10 14:46:06,195 net2/session_manager.cpp(67) : ��ʱ���
[DEBUG] 2017-05-10 14:46:09,196 net2/session_manager.cpp(24) : ѭ��
[DEBUG] 2017-05-10 14:46:09,196 net2/session_manager.cpp(67) : ��ʱ���
[DEBUG] 2017-05-10 14:46:12,196 net2/session_manager.cpp(24) : ѭ��
[DEBUG] 2017-05-10 14:46:12,196 net2/session_manager.cpp(67) : ��ʱ���
[DEBUG] 2017-05-10 14:46:15,197 net2/session_manager.cpp(24) : ѭ��
[DEBUG] 2017-05-10 14:46:15,197 net2/session_manager.cpp(67) : ��ʱ���
[DEBUG] 2017-05-10 14:46:18,197 net2/session_manager.cpp(24) : ѭ��
[DEBUG] 2017-05-10 14:46:18,197 net2/session_manager.cpp(67) : ��ʱ���
[DEBUG] 2017-05-10 14:46:21,198 net2/session_manager.cpp(24) : ѭ��
[DEBUG] 2017-05-10 14:46:21,198 net2/session_manager.cpp(67) : ��ʱ���
[DEBUG] 2017-05-10 14:46:24,198 net2/session_manager.cpp(24) : ѭ��
[DEBUG] 2017-05-10 14:46:24,198 net2/session_manager.cpp(67) : ��ʱ���
[DEBUG] 2017-05-10 14:46:27,199 net2/session_manager.cpp(24) : ѭ��
[DEBUG] 2017-05-10 14:46:27,199 net2/session_manager.cpp(67) : ��ʱ���
[DEBUG] 2017-05-10 14:46:30,199 net2/session_manager.cpp(24) : ѭ��
[DEBUG] 2017-05-10 14:46:30,199 net2/session_manager.cpp(67) : ��ʱ���
[DEBUG] 2017-05-10 14:46:33,200 net2/session_manager.cpp(24) : ѭ��
[DEBUG] 2017-05-10 14:46:33,200 net2/session_manager.cpp(67) : ��ʱ���
[DEBUG] 2017-05-10 14:46:36,200 net2/session_manager.cpp(24) : ѭ��
[DEBUG] 2017-05-10 14:46:36,200 net2/session_manager.cpp(67) : ��ʱ���
[DEBUG] 2017-05-10 14:46:39,200 net2/session_manager.cpp(24) : ѭ��
[DEBUG] 2017-05-10 14:46:39,201 net2/session_manager.cpp(67) : ��ʱ���
[ERROR] 2017-05-10 14:49:37,607 net2/socket_session.cpp(105) : XXX����Զ�̵�ַ:[192.168.1.4:51645],socket�쳣:[End of file]
[ERROR] 2017-05-10 14:49:47,284 net2/socket_session.cpp(105) : XXX����Զ�̵�ַ:[192.168.1.4:51648],socket�쳣:[End of file]
[ERROR] 2017-05-10 14:50:12,477 net2/socket_session.cpp(112) : XXX����Զ�̵�ַ:[192.168.1.4:51652],socket�쳣:[���Ǹ��Ƿ�����!]
[ERROR] 2017-05-10 15:03:12,756 net2/socket_session.cpp(132) : XXX����Զ�̵�ַ:[192.168.1.4:51728],socket�쳣:[basic_string::resize]
[ERROR] 2017-05-10 15:03:29,167 net2/socket_session.cpp(132) : XXX����Զ�̵�ַ:[192.168.1.4:51729],socket�쳣:[basic_string::resize]
[ERROR] 2017-05-10 15:03:30,681 net2/socket_session.cpp(132) : XXX����Զ�̵�ַ:[192.168.1.4:51730],socket�쳣:[basic_string::resize]
[ERROR] 2017-05-10 15:03:31,754 net2/socket_session.cpp(132) : XXX����Զ�̵�ַ:[192.168.1.4:51731],socket�쳣:[basic_string::resize]
[ERROR] 2017-05-10 15:06:28,564 net2/socket_session.cpp(112) : XXX����Զ�̵�ַ:[192.168.1.4:51846],socket�쳣:[���Ǹ��Ƿ�����!]
[ERROR] 2017-05-10 15:09:26,770 net2/socket_session.cpp(112) : XXX����Զ�̵�ַ:[192.168.1.4:51879],socket�쳣:[���Ǹ��Ƿ�����!]
[ERROR] 2017-05-10 15:16:46,746 net2/socket_session.cpp(112) : XXX����Զ�̵�ַ:[192.168.1.4:52028],socket�쳣:[���Ǹ��Ƿ�����!]
[ERROR] 2017-05-10 15:18:53,560 net2/socket_session.cpp(112) : XXX����Զ�̵�ַ:[192.168.1.4:52273],socket�쳣:[���Ǹ��Ƿ�����!]
[ERROR] 2017-05-10 15:36:01,692 net2/socket_session.cpp(112) : XXX����Զ�̵�ַ:[192.168.1.4:63862],socket�쳣:[���Ǹ��Ƿ�����!]
[ERROR] 2017-05-10 15:36:10,838 net2/socket_session.cpp(112) : XXX����Զ�̵�ַ:[192.168.1.4:63863],socket�쳣:[���Ǹ��Ƿ�����!]
[ERROR] 2017-05-10 15:39:43,742 net2/socket_session.cpp(112) : XXX����Զ�̵�ַ:[192.168.1.4:63867],socket�쳣:[���Ǹ��Ƿ�����!]
[ERROR] 2017-05-10 15:39:56,687 net2/socket_session.cpp(112) : XXX����Զ�̵�ַ:[192.168.1.4:63869],socket�쳣:[���Ǹ��Ƿ�����!]
[ERROR] 2017-05-10 15:40:04,113 net2/socket_session.cpp(112) : XXX����Զ�̵�ַ:[192.168.1.4:63870],socket�쳣:[���Ǹ��Ƿ�����!]
[ERROR] 2017-05-10 15:40:09,510 net2/socket_session.cpp(112) : XXX����Զ�̵�ַ:[192.168.1.4:63871],socket�쳣:[���Ǹ��Ƿ�����!]
[ERROR] 2017-05-10 15:40:14,382 net2/socket_session.cpp(105) : XXX����Զ�̵�ַ:[192.168.1.4:63872],socket�쳣:[End of file]
[ERROR] 2017-05-10 15:40:16,350 net2/socket_session.cpp(105) : XXX����Զ�̵�ַ:[192.168.1.4:63873],socket�쳣:[End of file]
[ERROR] 2017-05-10 15:40:20,600 net2/socket_session.cpp(105) : XXX����Զ�̵�ַ:[192.168.1.4:63874],socket�쳣:[End of file]
[ERROR] 2017-05-10 15:40:29,186 net2/socket_session.cpp(105) : XXX����Զ�̵�ַ:[192.168.1.4:63875],socket�쳣:[End of file]
[ERROR] 2017-05-10 15:40:31,608 net2/socket_session.cpp(105) : XXX����Զ�̵�ַ:[192.168.1.4:63876],socket�쳣:[End of file]
[ERROR] 2017-05-10 15:40:33,113 net2/socket_session.cpp(105) : XXX����Զ�̵�ַ:[192.168.1.4:63877],socket�쳣:[End of file]
[ERROR] 2017-05-10 15:40:36,511 net2/socket_session.cpp(105) : XXX����Զ�̵�ַ:[192.168.1.4:63878],socket�쳣:[End of file]
[ERROR] 2017-05-10 15:40:38,880 net2/socket_session.cpp(105) : XXX����Զ�̵�ַ:[192.168.1.4:63880],socket�쳣:[End of file]
[ERROR] 2017-05-10 15:40:44,360 net2/socket_session.cpp(112) : XXX����Զ�̵�ַ:[192.168.1.4:63881],socket�쳣:[���Ǹ��Ƿ�����!]
[ERROR] 2017-05-10 15:40:53,748 net2/socket_session.cpp(112) : XXX����Զ�̵�ַ:[192.168.1.4:63882],socket�쳣:[���Ǹ��Ƿ�����!]
[ERROR] 2017-05-10 15:41:01,592 net2/socket_session.cpp(112) : XXX����Զ�̵�ַ:[192.168.1.4:63883],socket�쳣:[���Ǹ��Ƿ�����!]
[ERROR] 2017-05-10 15:41:11,506 net2/socket_session.cpp(112) : XXX����Զ�̵�ַ:[192.168.1.4:63884],socket�쳣:[���Ǹ��Ƿ�����!]
[ERROR] 2017-05-10 15:41:49,977 net2/socket_session.cpp(132) : XXX����Զ�̵�ַ:[192.168.1.4:63885],socket�쳣:[basic_string::resize]
[ERROR] 2017-05-10 15:45:16,498 net2/socket_session.cpp(132) : XXX����Զ�̵�ַ:[192.168.1.4:64075],socket�쳣:[basic_string::resize]
[ERROR] 2017-05-10 15:46:39,883 net2/socket_session.cpp(65) : XXX����Զ�̵�ַ:[192.168.1.4:64077],socket�쳣:[End of file]
[ERROR] 2017-05-10 15:52:58,133 net2/socket_session.cpp(64) : XXX����Զ�̵�ַ:[192.168.1.4:64140],socket�쳣:[End of file]
[ERROR] 2017-05-10 15:59:07,510 net2/socket_session.cpp(64) : XXX����Զ�̵�ַ:[192.168.1.4:64195],socket�쳣:[Connection reset by peer]
[ERROR] 2017-05-11 02:22:42,590 net2/server_socket_utils.cpp(121) : XXX�յ��Ƿ���Ϣ��!
[ERROR] 2017-05-11 02:26:48,010 net2/server_socket_utils.cpp(121) : XXX�յ��Ƿ���Ϣ��!
[ERROR] 2017-05-11 02:28:57,192 net2/server_socket_utils.cpp(121) : XXX�յ��Ƿ���Ϣ��!
[ERROR] 2017-05-11 02:40:53,216 net2/server_socket_utils.cpp(121) : XXX�յ��Ƿ���Ϣ��!
[ERROR] 2017-05-11 02:49:13,654 net2/server_socket_utils.cpp(121) : XXX�յ��Ƿ���Ϣ��!
[ERROR] 2017-05-11 02:49:33,598 net2/socket_session.cpp(105) : XXX����Զ�̵�ַ:[192.168.1.10:49589],socket�쳣:[End of file]
[ERROR] 2017-05-11 02:49:37,685 net2/server_socket_utils.cpp(121) : XXX�յ��Ƿ���Ϣ��!
[ERROR] 2017-05-11 02:49:53,712 net2/socket_session.cpp(105) : XXX����Զ�̵�ַ:[192.168.1.10:49596],socket�쳣:[End of file]
[ERROR] 2017-05-11 02:49:55,896 net2/server_socket_utils.cpp(121) : XXX�յ��Ƿ���Ϣ��!
[ERROR] 2017-05-11 02:58:37,992 net2/socket_session.cpp(105) : XXX����Զ�̵�ַ:[192.168.1.10:50001],socket�쳣:[End of file]
[ERROR] 2017-05-11 02:58:41,903 net2/server_socket_utils.cpp(121) : XXX�յ��Ƿ���Ϣ��!
[ERROR] 2017-05-11 03:08:17,693 net2/server_socket_utils.cpp(121) : XXX收到非法消息包!
[ERROR] 2017-05-11 03:43:48,830 net2/server_socket_utils.cpp(121) : XXX收到非法消息包!
[ERROR] 2017-05-11 03:43:59,332 net2/server_socket_utils.cpp(121) : XXX收到非法消息包!
[ERROR] 2017-05-11 03:46:32,983 net2/server_socket_utils.cpp(121) : XXX收到非法消息包!
[ERROR] 2017-05-11 03:46:42,094 net2/server_socket_utils.cpp(121) : XXX收到非法消息包!
[ERROR] 2017-05-11 04:00:02,087 net2/socket_session.cpp(105) : XXX连接远程地址:[192.168.1.10:64039],socket异常:[Connection reset by peer]
[ERROR] 2017-05-11 04:04:12,114 net2/socket_session.cpp(112) : XXX连接远程地址:[192.168.1.10:65072],socket异常:[这是个非法连接!]
[ERROR] 2017-05-11 04:04:31,936 net2/socket_session.cpp(112) : XXX连接远程地址:[192.168.1.10:65073],socket异常:[这是个非法连接!]
[ERROR] 2017-05-11 04:04:48,268 net2/socket_session.cpp(112) : XXX连接远程地址:[192.168.1.10:65074],socket异常:[这是个非法连接!]
[ERROR] 2017-05-11 04:06:37,762 net2/socket_session.cpp(105) : XXX连接远程地址:[192.168.1.10:65077],socket异常:[End of file]
[ERROR] 2017-05-11 04:06:40,763 net2/socket_session.cpp(105) : XXX连接远程地址:[192.168.1.10:65078],socket异常:[End of file]
[ERROR] 2017-05-11 04:06:41,660 net2/socket_session.cpp(105) : XXX连接远程地址:[192.168.1.10:65079],socket异常:[End of file]
[ERROR] 2017-05-11 04:06:42,445 net2/socket_session.cpp(105) : XXX连接远程地址:[192.168.1.10:65080],socket异常:[End of file]
[ERROR] 2017-05-11 04:06:43,278 net2/socket_session.cpp(105) : XXX连接远程地址:[192.168.1.10:65081],socket异常:[End of file]
[ERROR] 2017-05-11 04:06:45,501 net2/socket_session.cpp(105) : XXX连接远程地址:[192.168.1.10:65076],socket异常:[Connection reset by peer]
[ERROR] 2017-05-11 04:06:45,502 net2/socket_session.cpp(105) : XXX连接远程地址:[192.168.1.10:65075],socket异常:[Connection reset by peer]
[ERROR] 2017-05-11 07:39:17,499 net2/socket_session.cpp(105) : XXX连接远程地址:[192.168.1.10:63276],socket异常:[End of file]
[ERROR] 2017-05-11 08:01:09,686 net2/socket_session.cpp(105) : XXX连接远程地址:[192.168.1.10:63732],socket异常:[Connection reset by peer]
[ERROR] 2017-05-11 12:30:35,392 net2/socket_session.cpp(105) : XXX连接远程地址:[192.168.1.4:64378],socket异常:[End of file]
[ERROR] 2017-05-11 12:36:44,810 net2/socket_session.cpp(105) : XXX连接远程地址:[192.168.1.4:64524],socket异常:[End of file]
[ERROR] 2017-05-11 12:37:12,625 net2/socket_session.cpp(105) : XXX连接远程地址:[192.168.1.4:64534],socket异常:[End of file]
[ERROR] 2017-05-11 12:41:28,754 net2/socket_session.cpp(105) : XXX连接远程地址:[192.168.1.4:64843],socket异常:[End of file]
[ERROR] 2017-05-11 12:41:29,923 net2/socket_session.cpp(105) : XXX连接远程地址:[192.168.1.4:64850],socket异常:[End of file]
[ERROR] 2017-05-11 12:41:30,882 net2/socket_session.cpp(105) : XXX连接远程地址:[192.168.1.4:64851],socket异常:[End of file]
[ERROR] 2017-05-11 12:41:32,194 net2/socket_session.cpp(105) : XXX连接远程地址:[192.168.1.4:64852],socket异常:[End of file]
[ERROR] 2017-05-11 12:41:32,859 net2/socket_session.cpp(105) : XXX连接远程地址:[192.168.1.4:64853],socket异常:[End of file]
[ERROR] 2017-05-11 12:41:38,578 net2/socket_session.cpp(105) : XXX连接远程地址:[192.168.1.4:64854],socket异常:[End of file]
[ERROR] 2017-05-11 12:41:39,516 net2/socket_session.cpp(105) : XXX连接远程地址:[192.168.1.4:64855],socket异常:[End of file]
[ERROR] 2017-05-11 12:41:40,403 net2/socket_session.cpp(105) : XXX连接远程地址:[192.168.1.4:64856],socket异常:[End of file]
[ERROR] 2017-05-11 12:41:41,267 net2/socket_session.cpp(105) : XXX连接远程地址:[192.168.1.4:64857],socket异常:[End of file]
[ERROR] 2017-05-11 12:41:42,067 net2/socket_session.cpp(105) : XXX连接远程地址:[192.168.1.4:64858],socket异常:[End of file]
[ERROR] 2017-05-11 12:41:42,796 net2/socket_session.cpp(105) : XXX连接远程地址:[192.168.1.4:64859],socket异常:[End of file]
[ERROR] 2017-05-11 12:41:43,513 net2/socket_session.cpp(105) : XXX连接远程地址:[192.168.1.4:64860],socket异常:[End of file]
[ERROR] 2017-05-11 12:41:44,195 net2/socket_session.cpp(105) : XXX连接远程地址:[192.168.1.4:64861],socket异常:[End of file]
[ERROR] 2017-05-11 12:41:44,924 net2/socket_session.cpp(105) : XXX连接远程地址:[192.168.1.4:64862],socket异常:[End of file]
[ERROR] 2017-05-11 12:41:45,587 net2/socket_session.cpp(105) : XXX连接远程地址:[192.168.1.4:64863],socket异常:[End of file]
[ERROR] 2017-05-11 12:41:46,228 net2/socket_session.cpp(105) : XXX连接远程地址:[192.168.1.4:64864],socket异常:[End of file]
[ERROR] 2017-05-11 12:41:46,883 net2/socket_session.cpp(105) : XXX连接远程地址:[192.168.1.4:64865],socket异常:[End of file]
[ERROR] 2017-05-11 12:41:47,508 net2/socket_session.cpp(105) : XXX连接远程地址:[192.168.1.4:64866],socket异常:[End of file]
[ERROR] 2017-05-11 12:41:48,131 net2/socket_session.cpp(105) : XXX连接远程地址:[192.168.1.4:64867],socket异常:[End of file]
[ERROR] 2017-05-11 12:41:48,780 net2/socket_session.cpp(105) : XXX连接远程地址:[192.168.1.4:64868],socket异常:[End of file]
[ERROR] 2017-05-11 12:41:49,451 net2/socket_session.cpp(105) : XXX连接远程地址:[192.168.1.4:64875],socket异常:[End of file]
[ERROR] 2017-05-11 12:41:50,109 net2/socket_session.cpp(105) : XXX连接远程地址:[192.168.1.4:64876],socket异常:[End of file]
[ERROR] 2017-05-11 12:41:50,740 net2/socket_session.cpp(105) : XXX连接远程地址:[192.168.1.4:64877],socket异常:[End of file]
[ERROR] 2017-05-11 12:41:51,372 net2/socket_session.cpp(105) : XXX连接远程地址:[192.168.1.4:64878],socket异常:[End of file]
[ERROR] 2017-05-11 12:41:51,995 net2/socket_session.cpp(105) : XXX连接远程地址:[192.168.1.4:64879],socket异常:[End of file]
[ERROR] 2017-05-11 12:41:52,651 net2/socket_session.cpp(105) : XXX连接远程地址:[192.168.1.4:64880],socket异常:[End of file]
[ERROR] 2017-05-11 12:41:53,307 net2/socket_session.cpp(105) : XXX连接远程地址:[192.168.1.4:64881],socket异常:[End of file]
[ERROR] 2017-05-11 12:41:53,931 net2/socket_session.cpp(105) : XXX连接远程地址:[192.168.1.4:64882],socket异常:[End of file]
[ERROR] 2017-05-11 12:41:54,564 net2/socket_session.cpp(105) : XXX连接远程地址:[192.168.1.4:64883],socket异常:[End of file]
[ERROR] 2017-05-11 12:41:55,219 net2/socket_session.cpp(105) : XXX连接远程地址:[192.168.1.4:64884],socket异常:[End of file]
[ERROR] 2017-05-11 12:41:55,870 net2/socket_session.cpp(105) : XXX连接远程地址:[192.168.1.4:64885],socket异常:[End of file]
[ERROR] 2017-05-11 12:41:56,550 net2/socket_session.cpp(105) : XXX连接远程地址:[192.168.1.4:64886],socket异常:[End of file]
[ERROR] 2017-05-11 12:41:57,142 net2/socket_session.cpp(105) : XXX连接远程地址:[192.168.1.4:64887],socket异常:[End of file]
[ERROR] 2017-05-11 12:41:57,764 net2/socket_session.cpp(105) : XXX连接远程地址:[192.168.1.4:64888],socket异常:[End of file]
[ERROR] 2017-05-11 12:41:58,421 net2/socket_session.cpp(105) : XXX连接远程地址:[192.168.1.4:64889],socket异常:[End of file]
[ERROR] 2017-05-11 12:41:59,069 net2/socket_session.cpp(105) : XXX连接远程地址:[192.168.1.4:64890],socket异常:[End of file]
[ERROR] 2017-05-11 12:41:59,709 net2/socket_session.cpp(105) : XXX连接远程地址:[192.168.1.4:64891],socket异常:[End of file]
[ERROR] 2017-05-11 12:42:00,364 net2/socket_session.cpp(105) : XXX连接远程地址:[192.168.1.4:64892],socket异常:[End of file]
[ERROR] 2017-05-11 12:42:01,006 net2/socket_session.cpp(105) : XXX连接远程地址:[192.168.1.4:64893],socket异常:[End of file]
[ERROR] 2017-05-11 12:42:01,724 net2/socket_session.cpp(105) : XXX连接远程地址:[192.168.1.4:64894],socket异常:[End of file]
[ERROR] 2017-05-11 12:42:02,422 net2/socket_session.cpp(105) : XXX连接远程地址:[192.168.1.4:64895],socket异常:[End of file]
[ERROR] 2017-05-11 12:42:03,133 net2/socket_session.cpp(105) : XXX连接远程地址:[192.168.1.4:64896],socket异常:[End of file]
[ERROR] 2017-05-11 12:42:03,866 net2/socket_session.cpp(105) : XXX连接远程地址:[192.168.1.4:64897],socket异常:[End of file]
[ERROR] 2017-05-11 12:42:04,596 net2/socket_session.cpp(105) : XXX连接远程地址:[192.168.1.4:64898],socket异常:[End of file]
[ERROR] 2017-05-11 12:42:06,886 net2/socket_session.cpp(105) : XXX连接远程地址:[192.168.1.4:64899],socket异常:[End of file]
[ERROR] 2017-05-11 12:42:07,824 net2/socket_session.cpp(105) : XXX连接远程地址:[192.168.1.4:64900],socket异常:[End of file]
[ERROR] 2017-05-11 12:42:08,797 net2/socket_session.cpp(105) : XXX连接远程地址:[192.168.1.4:64901],socket异常:[End of file]
[ERROR] 2017-05-11 12:43:18,939 net2/socket_session.cpp(105) : XXX连接远程地址:[192.168.1.4:64902],socket异常:[End of file]
[ERROR] 2017-05-11 12:43:21,819 net2/socket_session.cpp(105) : XXX连接远程地址:[192.168.1.4:64927],socket异常:[End of file]
[ERROR] 2017-05-11 12:43:22,707 net2/socket_session.cpp(105) : XXX连接远程地址:[192.168.1.4:64928],socket异常:[End of file]
[ERROR] 2017-05-11 12:43:42,516 net2/socket_session.cpp(105) : XXX连接远程地址:[192.168.1.4:64935],socket异常:[End of file]
[ERROR] 2017-05-11 12:43:43,333 net2/socket_session.cpp(105) : XXX连接远程地址:[192.168.1.4:64936],socket异常:[End of file]
[ERROR] 2017-05-11 12:54:23,567 net2/socket_session.cpp(105) : XXX连接远程地址:[192.168.1.4:64937],socket异常:[End of file]
[ERROR] 2017-05-11 12:59:26,564 net2/socket_session.cpp(105) : XXX连接远程地址:[192.168.1.4:65231],socket异常:[End of file]
[ERROR] 2017-05-11 12:59:27,595 net2/socket_session.cpp(105) : XXX连接远程地址:[192.168.1.4:65232],socket异常:[End of file]
[ERROR] 2017-05-11 13:01:51,295 net2/socket_session.cpp(105) : XXX连接远程地址:[192.168.1.4:65278],socket异常:[End of file]
[ERROR] 2017-05-11 13:10:23,648 net2/socket_session.cpp(105) : XXX连接远程地址:[192.168.1.4:59858],socket异常:[Connection reset by peer]
[ERROR] 2017-05-11 13:11:42,944 net2/socket_session.cpp(105) : XXX连接远程地址:[192.168.1.4:59883],socket异常:[End of file]
[ERROR] 2017-05-11 13:11:54,375 net2/socket_session.cpp(105) : XXX连接远程地址:[192.168.1.4:59890],socket异常:[Connection reset by peer]
[ERROR] 2017-05-11 13:13:15,944 net2/socket_session.cpp(105) : XXX连接远程地址:[192.168.1.4:59917],socket异常:[End of file]
[ERROR] 2017-05-11 13:14:19,634 net2/socket_session.cpp(105) : XXX连接远程地址:[192.168.1.4:59938],socket异常:[End of file]
[ERROR] 2017-05-11 13:26:54,610 net2/socket_session.cpp(105) : XXX连接远程地址:[192.168.1.4:60169],socket异常:[End of file]
[ERROR] 2017-05-11 13:27:04,634 net2/socket_session.cpp(105) : XXX连接远程地址:[192.168.1.4:60170],socket异常:[End of file]
[ERROR] 2017-05-11 13:27:46,127 net2/socket_session.cpp(105) : XXX连接远程地址:[192.168.1.4:60171],socket异常:[End of file]
[ERROR] 2017-05-11 13:28:27,799 net2/socket_session.cpp(105) : XXX连接远程地址:[192.168.1.4:60172],socket异常:[End of file]
[ERROR] 2017-05-11 13:30:44,004 net2/socket_session.cpp(105) : XXX连接远程地址:[192.168.1.4:60173],socket异常:[End of file]
[ERROR] 2017-05-11 14:01:38,671 net2/socket_session.cpp(105) : XXX连接远程地址:[192.168.1.4:60269],socket异常:[End of file]
[ERROR] 2017-05-11 14:01:42,407 net2/socket_session.cpp(105) : XXX连接远程地址:[192.168.1.4:60273],socket异常:[End of file]
                                                                                                                                                 [ERROR] 2017-05-15 10:07:02,355 net2/socket_session.cpp(105) : XXX连接远程地址:[192.168.1.6:59586],socket异常:[End of file]
[ERROR] 2017-05-15 10:30:26,671 net2/socket_session.cpp(105) : XXX连接远程地址:[192.168.1.6:59779],socket异常:[End of file]
[ERROR] 2017-05-15 10:30:29,887 net2/socket_session.cpp(105) : XXX连接远程地址:[192.168.1.6:59782],socket异常:[End of file]
[ERROR] 2017-05-15 10:30:31,488 net2/socket_session.cpp(105) : XXX连接远程地址:[192.168.1.6:59783],socket异常:[End of file]
[ERROR] 2017-05-15 10:30:32,193 net2/socket_session.cpp(105) : XXX连接远程地址:[192.168.1.6:59784],socket异常:[End of file]
[ERROR] 2017-05-15 10:30:32,935 net2/socket_session.cpp(105) : XXX连接远程地址:[192.168.1.6:59785],socket异常:[End of file]
[ERROR] 2017-05-15 10:30:33,652 net2/socket_session.cpp(105) : XXX连接远程地址:[192.168.1.6:59786],socket异常:[End of file]
[ERROR] 2017-05-15 10:30:34,294 net2/socket_session.cpp(105) : XXX连接远程地址:[192.168.1.6:59787],socket异常:[End of file]
[ERROR] 2017-05-15 10:30:34,989 net2/socket_session.cpp(105) : XXX连接远程地址:[192.168.1.6:59788],socket异常:[End of file]
[ERROR] 2017-05-15 10:30:36,414 net2/socket_session.cpp(105) : XXX连接远程地址:[192.168.1.6:59789],socket异常:[End of file]
[ERROR] 2017-05-15 10:30:37,166 net2/socket_session.cpp(105) : XXX连接远程地址:[192.168.1.6:59790],socket异常:[End of file]
[ERROR] 2017-05-15 10:30:38,462 net2/socket_session.cpp(105) : XXX连接远程地址:[192.168.1.6:59791],socket异常:[End of file]
[ERROR] 2017-05-15 10:30:39,382 net2/socket_session.cpp(105) : XXX连接远程地址:[192.168.1.6:59792],socket异常:[End of file]
[ERROR] 2017-05-15 10:30:40,223 net2/socket_session.cpp(105) : XXX连接远程地址:[192.168.1.6:59793],socket异常:[End of file]
[ERROR] 2017-05-15 10:30:40,991 net2/socket_session.cpp(105) : XXX连接远程地址:[192.168.1.6:59794],socket异常:[End of file]
[ERROR] 2017-05-15 10:30:41,746 net2/socket_session.cpp(105) : XXX连接远程地址:[192.168.1.6:59795],socket异常:[End of file]
[ERROR] 2017-05-15 10:30:42,454 net2/socket_session.cpp(105) : XXX连接远程地址:[192.168.1.6:59797],socket异常:[End of file]
[ERROR] 2017-05-15 10:30:43,254 net2/socket_session.cpp(105) : XXX连接远程地址:[192.168.1.6:59798],socket异常:[End of file]
[ERROR] 2017-05-15 10:30:44,049 net2/socket_session.cpp(105) : XXX连接远程地址:[192.168.1.6:59799],socket异常:[End of file]
[ERROR] 2017-05-15 10:30:46,414 net2/socket_session.cpp(105) : XXX连接远程地址:[192.168.1.6:59801],socket异常:[End of file]
[ERROR] 2017-05-15 10:30:47,191 net2/socket_session.cpp(105) : XXX连接远程地址:[192.168.1.6:59803],socket异常:[End of file]
[ERROR] 2017-05-15 10:30:47,950 net2/socket_session.cpp(105) : XXX连接远程地址:[192.168.1.6:59804],socket异常:[End of file]
[ERROR] 2017-05-15 10:30:48,870 net2/socket_session.cpp(105) : XXX连接远程地址:[192.168.1.6:59805],socket异常:[End of file]
[ERROR] 2017-05-15 10:30:52,390 net2/socket_session.cpp(105) : XXX连接远程地址:[192.168.1.6:59806],socket异常:[Connection reset by peer]
[ERROR] 2017-05-15 13:55:33,472 net2/socket_session.cpp(105) : XXX连接远程地址:[192.168.1.6:57289],socket异常:[End of file]
[ERROR] 2017-05-15 13:55:34,689 net2/socket_session.cpp(105) : XXX连接远程地址:[192.168.1.6:57290],socket异常:[End of file]
[ERROR] 2017-05-15 13:55:36,004 net2/socket_session.cpp(105) : XXX连接远程地址:[192.168.1.6:57291],socket异常:[Connection reset by peer]
[ERROR] 2017-05-16 02:23:25,365 net2/socket_session.cpp(105) : XXX连接远程地址:[192.168.1.3:63151],socket异常:[End of file]
[ERROR] 2017-05-16 02:23:30,437 net2/socket_session.cpp(105) : XXX连接远程地址:[192.168.1.3:63152],socket异常:[End of file]
[ERROR] 2017-05-16 02:23:37,981 net2/socket_session.cpp(105) : XXX连接远程地址:[192.168.1.3:63153],socket异常:[End of file]
[ERROR] 2017-05-16 18:55:09,828 net2/socket_session.cpp(105) : XXX连接远程地址:[192.168.1.4:62419],socket异常:[Connection reset by peer]
[ERROR] 2017-05-16 19:38:32,822 net2/socket_session.cpp(105) : XXX连接远程地址:[192.168.1.4:62878],socket异常:[End of file]
[ERROR] 2017-05-16 19:39:32,413 net2/socket_session.cpp(105) : XXX连接远程地址:[192.168.1.4:62886],socket异常:[End of file]
[ERROR] 2017-05-16 19:40:56,301 net2/socket_session.cpp(105) : XXX连接远程地址:[192.168.1.4:62899],socket异常:[End of file]
[ERROR] 2017-05-16 19:42:41,628 net2/socket_session.cpp(105) : XXX连接远程地址:[192.168.1.4:62910],socket异常:[End of file]
[ERROR] 2017-05-16 20:06:37,954 net2/socket_session.cpp(105) : XXX连接远程地址:[192.168.1.4:63650],socket异常:[End of file]
[ERROR] 2017-05-16 20:09:44,298 net2/socket_session.cpp(105) : XXX连接远程地址:[192.168.1.4:63681],socket异常:[End of file]
[ERROR] 2017-05-16 20:10:23,422 net2/socket_session.cpp(105) : XXX连接远程地址:[192.168.1.4:63689],socket异常:[End of file]
[ERROR] 2017-05-16 20:10:25,873 net2/socket_session.cpp(105) : XXX连接远程地址:[192.168.1.4:63690],socket异常:[End of file]
[ERROR] 2017-05-16 20:10:27,964 net2/socket_session.cpp(105) : XXX连接远程地址:[192.168.1.4:63691],socket异常:[End of file]
[ERROR] 2017-05-16 20:10:29,692 net2/socket_session.cpp(105) : XXX连接远程地址:[192.168.1.4:63693],socket异常:[End of file]
[ERROR] 2017-05-16 20:10:30,895 net2/socket_session.cpp(105) : XXX连接远程地址:[192.168.1.4:63695],socket异常:[End of file]
[ERROR] 2017-05-16 20:10:31,990 net2/socket_session.cpp(105) : XXX连接远程地址:[192.168.1.4:63696],socket异常:[End of file]
[ERROR] 2017-05-16 20:10:36,547 net2/socket_session.cpp(105) : XXX连接远程地址:[192.168.1.4:63697],socket异常:[End of file]
[ERROR] 2017-05-16 20:29:09,353 net2/socket_session.cpp(105) : XXX连接远程地址:[192.168.1.4:63897],socket异常:[End of file]
[ERROR] 2017-05-16 20:29:11,741 net2/socket_session.cpp(105) : XXX连接远程地址:[192.168.1.4:63898],socket异常:[End of file]
[ERROR] 2017-05-16 20:29:12,825 net2/socket_session.cpp(105) : XXX连接远程地址:[192.168.1.4:63899],socket异常:[End of file]
[ERROR] 2017-05-16 20:29:13,753 net2/socket_session.cpp(105) : XXX连接远程地址:[192.168.1.4:63900],socket异常:[End of file]
[ERROR] 2017-05-16 20:29:14,956 net2/socket_session.cpp(105) : XXX连接远程地址:[192.168.1.4:63901],socket异常:[End of file]
[ERROR] 2017-05-16 20:29:15,706 net2/socket_session.cpp(105) : XXX连接远程地址:[192.168.1.4:63902],socket异常:[End of file]
[ERROR] 2017-05-16 20:29:16,517 net2/socket_session.cpp(105) : XXX连接远程地址:[192.168.1.4:63903],socket异常:[End of file]
[ERROR] 2017-05-16 20:31:53,847 net2/socket_session.cpp(105) : XXX连接远程地址:[192.168.1.4:63911],socket异常:[End of file]
[ERROR] 2017-05-16 20:31:56,161 net2/socket_session.cpp(105) : XXX连接远程地址:[192.168.1.4:63912],socket异常:[End of file]
[ERROR] 2017-05-16 20:31:57,429 net2/socket_session.cpp(105) : XXX连接远程地址:[192.168.1.4:63913],socket异常:[End of file]
[ERROR] 2017-05-16 20:31:58,348 net2/socket_session.cpp(105) : XXX连接远程地址:[192.168.1.4:63914],socket异常:[End of file]
[ERROR] 2017-05-16 20:31:59,117 net2/socket_session.cpp(105) : XXX连接远程地址:[192.168.1.4:63915],socket异常:[End of file]
[ERROR] 2017-05-16 20:31:59,772 net2/socket_session.cpp(105) : XXX连接远程地址:[192.168.1.4:63916],socket异常:[End of file]
[ERROR] 2017-05-16 20:32:00,462 net2/socket_session.cpp(105) : XXX连接远程地址:[192.168.1.4:63917],socket异常:[End of file]
[ERROR] 2017-05-16 20:32:01,128 net2/socket_session.cpp(105) : XXX连接远程地址:[192.168.1.4:63918],socket异常:[End of file]
[ERROR] 2017-05-16 20:32:01,823 net2/socket_session.cpp(105) : XXX连接远程地址:[192.168.1.4:63920],socket异常:[End of file]
[ERROR] 2017-05-16 20:32:02,559 net2/socket_session.cpp(105) : XXX连接远程地址:[192.168.1.4:63921],socket异常:[End of file]
[ERROR] 2017-05-16 20:32:03,252 net2/socket_session.cpp(105) : XXX连接远程地址:[192.168.1.4:63922],socket异常:[End of file]
[ERROR] 2017-05-16 20:32:04,084 net2/socket_session.cpp(105) : XXX连接远程地址:[192.168.1.4:63923],socket异常:[End of file]
[ERROR] 2017-05-16 22:10:27,490 net2/socket_session.cpp(102) : XXX连接远程地址:[192.168.1.4:51934],socket异常:[Connection reset by peer]
[ERROR] 2017-05-16 22:11:27,081 net2/socket_session.cpp(102) : XXX连接远程地址:[192.168.1.4:51937],socket异常:[Connection reset by peer]
[ERROR] 2017-05-16 22:14:01,755 net2/socket_session.cpp(102) : XXX连接远程地址:[192.168.1.4:51941],socket异常:[Connection reset by peer]
[ERROR] 2017-05-16 22:16:15,450 net2/socket_session.cpp(102) : XXX连接远程地址:[192.168.1.4:51975],socket异常:[End of file]
[ERROR] 2017-05-16 22:16:19,510 net2/socket_session.cpp(102) : XXX连接远程地址:[192.168.1.4:51976],socket异常:[Connection reset by peer]
[ERROR] 2017-05-16 22:19:17,277 net2/socket_session.cpp(102) : XXX连接远程地址:[192.168.1.4:51983],socket异常:[Connection reset by peer]
[ERROR] 2017-05-16 22:20:26,598 net2/socket_session.cpp(102) : XXX连接远程地址:[192.168.1.4:51986],socket异常:[Connection reset by peer]
[ERROR] 2017-05-16 22:58:39,382 net2/socket_session.cpp(102) : XXX连接远程地址:[192.168.1.4:51653],socket异常:[Connection reset by peer]
[ERROR] 2017-05-17 10:01:15,133 net2/socket_session.cpp(102) : XXX连接远程地址:[192.168.1.6:53758],socket异常:[End of file]
[ERROR] 2017-05-17 11:13:11,118 net2/socket_session.cpp(102) : XXX连接远程地址:[192.168.1.6:55546],socket异常:[Connection reset by peer]
[ERROR] 2017-05-17 11:18:03,908 net2/socket_session.cpp(102) : XXX连接远程地址:[192.168.1.6:55624],socket异常:[End of file]
[ERROR] 2017-05-17 11:30:23,651 net2/server_socket_utils.cpp(126) : XXXsocket异常:[basic_string::erase: __pos (which is 4294967295) > this->size() (which is 0)]
[ERROR] 2017-05-17 11:30:32,114 net2/server_socket_utils.cpp(126) : XXXsocket异常:[basic_string::erase: __pos (which is 4294967295) > this->size() (which is 0)]
[ERROR] 2017-05-17 11:30:33,385 net2/server_socket_utils.cpp(126) : XXXsocket异常:[basic_string::erase: __pos (which is 4294967295) > this->size() (which is 0)]
[ERROR] 2017-05-17 11:30:34,370 net2/server_socket_utils.cpp(126) : XXXsocket异常:[basic_string::erase: __pos (which is 4294967295) > this->size() (which is 0)]
[ERROR] 2017-05-17 11:30:35,313 net2/socket_session.cpp(102) : XXX连接远程地址:[192.168.1.6:56136],socket异常:[End of file]
[ERROR] 2017-05-17 11:30:38,214 net2/server_socket_utils.cpp(126) : XXXsocket异常:[basic_string::erase: __pos (which is 4294967295) > this->size() (which is 0)]
[ERROR] 2017-05-17 11:30:49,214 net2/server_socket_utils.cpp(126) : XXXsocket异常:[basic_string::erase: __pos (which is 4294967295) > this->size() (which is 0)]
[ERROR] 2017-05-17 11:30:51,426 net2/server_socket_utils.cpp(126) : XXXsocket异常:[basic_string::erase: __pos (which is 4294967295) > this->size() (which is 0)]
[ERROR] 2017-05-17 11:30:51,918 net2/server_socket_utils.cpp(126) : XXXsocket异常:[basic_string::erase: __pos (which is 4294967295) > this->size() (which is 0)]
[ERROR] 2017-05-17 11:30:52,338 net2/server_socket_utils.cpp(126) : XXXsocket异常:[basic_string::erase: __pos (which is 4294967295) > this->size() (which is 0)]
[ERROR] 2017-05-17 13:58:15,453 net2/socket_session.cpp(102) : XXX连接远程地址:[192.168.1.6:62635],socket异常:[Connection reset by peer]
[ERROR] 2017-05-17 14:11:20,873 net2/socket_session.cpp(102) : XXX连接远程地址:[192.168.1.6:62645],socket异常:[End of file]
[ERROR] 2017-05-17 14:20:17,988 net2/socket_session.cpp(102) : XXX连接远程地址:[192.168.1.6:62864],socket异常:[Connection reset by peer]
[ERROR] 2017-05-17 14:22:46,030 net2/socket_session.cpp(102) : XXX连接远程地址:[192.168.1.6:62872],socket异常:[Connection reset by peer]
[ERROR] 2017-05-17 14:23:20,816 net2/socket_session.cpp(102) : XXX连接远程地址:[192.168.1.6:62879],socket异常:[Connection reset by peer]
[ERROR] 2017-05-17 14:24:11,289 net2/socket_session.cpp(102) : XXX连接远程地址:[192.168.1.6:62883],socket异常:[Connection reset by peer]
[ERROR] 2017-05-17 14:26:26,705 net2/socket_session.cpp(102) : XXX连接远程地址:[192.168.1.6:62894],socket异常:[Connection reset by peer]
[ERROR] 2017-05-17 14:27:41,059 net2/socket_session.cpp(102) : XXX连接远程地址:[192.168.1.6:62951],socket异常:[Connection reset by peer]
[ERROR] 2017-05-17 14:28:06,877 net2/socket_session.cpp(102) : XXX连接远程地址:[192.168.1.6:62954],socket异常:[Connection reset by peer]
[ERROR] 2017-05-17 14:28:51,372 net2/socket_session.cpp(102) : XXX连接远程地址:[192.168.1.6:62955],socket异常:[Connection reset by peer]
[ERROR] 2017-05-17 14:29:33,325 net2/socket_session.cpp(102) : XXX连接远程地址:[192.168.1.6:62958],socket异常:[Connection reset by peer]
[ERROR] 2017-05-17 14:29:58,221 net2/socket_session.cpp(102) : XXX连接远程地址:[192.168.1.6:62960],socket异常:[Connection reset by peer]
[ERROR] 2017-05-17 14:30:20,408 net2/socket_session.cpp(102) : XXX连接远程地址:[192.168.1.6:62961],socket异常:[Connection reset by peer]
[ERROR] 2017-05-17 14:38:07,576 net2/socket_session.cpp(102) : XXX连接远程地址:[192.168.1.6:62971],socket异常:[Connection reset by peer]
[ERROR] 2017-05-17 14:49:30,647 net2/socket_session.cpp(102) : XXX连接远程地址:[192.168.1.6:62983],socket异常:[End of file]
[ERROR] 2017-05-17 14:50:25,433 net2/socket_session.cpp(102) : XXX连接远程地址:[192.168.1.6:62985],socket异常:[Connection reset by peer]
[ERROR] 2017-05-17 15:03:00,945 net2/socket_session.cpp(102) : XXX连接远程地址:[192.168.1.6:63020],socket异常:[Connection reset by peer]
[ERROR] 2017-05-17 15:03:33,841 net2/socket_session.cpp(102) : XXX连接远程地址:[192.168.1.6:63022],socket异常:[Connection reset by peer]
[ERROR] 2017-05-17 15:04:20,429 net2/socket_session.cpp(102) : XXX连接远程地址:[192.168.1.6:63023],socket异常:[Connection reset by peer]
[ERROR] 2017-05-17 15:05:02,511 net2/socket_session.cpp(102) : XXX连接远程地址:[192.168.1.6:63026],socket异常:[Connection reset by peer]
[ERROR] 2017-05-17 15:06:15,542 net2/socket_session.cpp(102) : XXX连接远程地址:[192.168.1.6:63028],socket异常:[Connection reset by peer]
[ERROR] 2017-05-17 15:06:52,429 net2/socket_session.cpp(102) : XXX连接远程地址:[192.168.1.6:63031],socket异常:[Connection reset by peer]
[ERROR] 2017-05-17 15:07:23,771 net2/socket_session.cpp(102) : XXX连接远程地址:[192.168.1.6:63034],socket异常:[Connection reset by peer]
[ERROR] 2017-05-17 15:08:10,179 net2/socket_session.cpp(102) : XXX连接远程地址:[192.168.1.6:63038],socket异常:[Connection reset by peer]
[ERROR] 2017-05-17 15:08:31,084 net2/socket_session.cpp(102) : XXX连接远程地址:[192.168.1.6:63044],socket异常:[Connection reset by peer]
[ERROR] 2017-05-17 15:11:00,009 net2/socket_session.cpp(102) : XXX连接远程地址:[192.168.1.6:63052],socket异常:[Connection reset by peer]
[ERROR] 2017-05-17 15:11:41,266 net2/socket_session.cpp(102) : XXX连接远程地址:[192.168.1.6:63055],socket异常:[Connection reset by peer]
[ERROR] 2017-05-17 15:11:51,283 net2/socket_session.cpp(102) : XXX连接远程地址:[192.168.1.6:63056],socket异常:[Connection reset by peer]
[ERROR] 2017-05-17 15:13:20,878 net2/socket_session.cpp(102) : XXX连接远程地址:[192.168.1.6:63061],socket异常:[Connection reset by peer]
[ERROR] 2017-05-17 15:13:43,002 net2/socket_session.cpp(102) : XXX连接远程地址:[192.168.1.6:63067],socket异常:[Connection reset by peer]
[ERROR] 2017-05-17 15:17:14,979 net2/socket_session.cpp(102) : XXX连接远程地址:[192.168.1.6:63172],socket异常:[Connection reset by peer]
[ERROR] 2017-05-17 15:18:45,560 net2/socket_session.cpp(102) : XXX连接远程地址:[192.168.1.6:63221],socket异常:[Connection reset by peer]
[ERROR] 2017-05-17 15:26:56,641 net2/socket_session.cpp(102) : XXX连接远程地址:[192.168.1.6:63294],socket异常:[Connection reset by peer]
[ERROR] 2017-05-17 15:28:38,296 net2/socket_session.cpp(102) : XXX连接远程地址:[192.168.1.6:63296],socket异常:[End of file]
[ERROR] 2017-05-17 15:31:50,094 net2/socket_session.cpp(102) : XXX连接远程地址:[192.168.1.6:63300],socket异常:[End of file]
[ERROR] 2017-05-17 15:32:20,065 net2/socket_session.cpp(102) : XXX连接远程地址:[192.168.1.6:63302],socket异常:[End of file]
[ERROR] 2017-05-17 15:32:56,326 net2/socket_session.cpp(102) : XXX连接远程地址:[192.168.1.6:63304],socket异常:[End of file]
[ERROR] 2017-05-17 15:33:07,200 net2/socket_session.cpp(102) : XXX连接远程地址:[192.168.1.6:63305],socket异常:[End of file]
[ERROR] 2017-05-17 15:50:07,507 net2/socket_session.cpp(102) : XXX连接远程地址:[192.168.1.6:63321],socket异常:[End of file]
[ERROR] 2017-05-17 15:58:50,362 net2/socket_session.cpp(102) : XXX连接远程地址:[192.168.1.6:63328],socket异常:[End of file]
[ERROR] 2017-05-17 16:06:45,669 net2/socket_session.cpp(102) : XXX连接远程地址:[192.168.1.6:63335],socket异常:[End of file]
[ERROR] 2017-05-17 16:06:52,429 net2/socket_session.cpp(102) : XXX连接远程地址:[192.168.1.6:63331],socket异常:[End of file]
[ERROR] 2017-05-17 16:06:55,903 net2/socket_session.cpp(102) : XXX连接远程地址:[192.168.1.6:63336],socket异常:[End of file]
[ERROR] 2017-05-17 16:08:23,318 net2/socket_session.cpp(102) : XXX连接远程地址:[192.168.1.6:63338],socket异常:[Connection reset by peer]
[ERROR] 2017-05-17 16:12:35,818 net2/socket_session.cpp(102) : XXX连接远程地址:[192.168.1.6:63337],socket异常:[Connection reset by peer]
[ERROR] 2017-05-17 16:39:54,297 net2/socket_session.cpp(102) : XXX连接远程地址:[192.168.1.6:63341],socket异常:[Connection reset by peer]
[ERROR] 2017-05-17 16:41:02,650 net2/socket_session.cpp(102) : XXX连接远程地址:[192.168.1.6:63379],socket异常:[Connection reset by peer]
[ERROR] 2017-05-17 16:42:00,896 net2/socket_session.cpp(102) : XXX连接远程地址:[192.168.1.6:63380],socket异常:[Connection reset by peer]
[ERROR] 2017-05-17 16:42:21,339 net2/socket_session.cpp(102) : XXX连接远程地址:[192.168.1.6:63381],socket异常:[Connection reset by peer]
[ERROR] 2017-05-17 16:49:52,108 net2/socket_session.cpp(102) : XXX连接远程地址:[192.168.1.6:63503],socket异常:[End of file]
[ERROR] 2017-05-17 16:50:12,145 net2/socket_session.cpp(102) : XXX连接远程地址:[192.168.1.6:63505],socket异常:[Connection reset by peer]
[ERROR] 2017-05-17 16:50:30,066 net2/socket_session.cpp(102) : XXX连接远程地址:[192.168.1.6:63506],socket异常:[Connection reset by peer]
[ERROR] 2017-05-17 16:58:13,007 net2/socket_session.cpp(102) : XXX连接远程地址:[192.168.1.6:63620],socket异常:[Connection reset by peer]
[ERROR] 2017-05-17 16:58:42,296 net2/socket_session.cpp(102) : XXX连接远程地址:[192.168.1.6:63622],socket异常:[Connection reset by peer]
[ERROR] 2017-05-17 17:01:30,372 net2/socket_session.cpp(102) : XXX连接远程地址:[192.168.1.6:63625],socket异常:[Connection reset by peer]
[ERROR] 2017-05-17 17:02:04,948 net2/socket_session.cpp(102) : XXX连接远程地址:[192.168.1.6:63626],socket异常:[Connection reset by peer]
[ERROR] 2017-05-17 17:02:53,743 net2/socket_session.cpp(102) : XXX连接远程地址:[192.168.1.6:63627],socket异常:[Connection reset by peer]
[ERROR] 2017-05-17 17:04:38,200 net2/socket_session.cpp(102) : XXX连接远程地址:[192.168.1.6:63631],socket异常:[Connection reset by peer]
[ERROR] 2017-05-17 17:14:51,326 net2/socket_session.cpp(102) : XXX连接远程地址:[192.168.1.6:63634],socket异常:[Connection reset by peer]
[ERROR] 2017-05-17 17:20:17,732 net2/socket_session.cpp(103) : XXX连接远程地址:[192.168.1.6:63658],socket异常:[Connection reset by peer]
[ERROR] 2017-05-17 17:21:33,989 net2/socket_session.cpp(103) : XXX连接远程地址:[192.168.1.6:63664],socket异常:[Connection reset by peer]
[ERROR] 2017-05-17 17:22:36,998 net2/socket_session.cpp(103) : XXX连接远程地址:[192.168.1.6:63665],socket异常:[Connection reset by peer]
[ERROR] 2017-05-17 17:23:21,105 net2/socket_session.cpp(103) : XXX连接远程地址:[192.168.1.6:63666],socket异常:[Connection reset by peer]
[ERROR] 2017-05-17 17:23:37,641 net2/socket_session.cpp(103) : XXX连接远程地址:[192.168.1.6:63667],socket异常:[Connection reset by peer]
[ERROR] 2017-05-17 17:24:59,399 net2/socket_session.cpp(103) : XXX连接远程地址:[192.168.1.6:63668],socket异常:[Connection reset by peer]
[ERROR] 2017-05-17 17:25:12,357 net2/socket_session.cpp(103) : XXX连接远程地址:[192.168.1.6:63672],socket异常:[Connection reset by peer]
[ERROR] 2017-05-17 17:25:46,175 net2/socket_session.cpp(103) : XXX连接远程地址:[192.168.1.6:63675],socket异常:[Connection reset by peer]
[ERROR] 2017-05-17 17:26:16,992 net2/socket_session.cpp(103) : XXX连接远程地址:[192.168.1.6:63676],socket异常:[Connection reset by peer]
[ERROR] 2017-05-17 17:26:57,788 net2/socket_session.cpp(103) : XXX连接远程地址:[192.168.1.6:63677],socket异常:[Connection reset by peer]
[ERROR] 2017-05-17 17:28:56,614 net2/socket_session.cpp(103) : XXX连接远程地址:[192.168.1.6:63679],socket异常:[Connection reset by peer]
[ERROR] 2017-05-17 17:29:34,218 net2/socket_session.cpp(103) : XXX连接远程地址:[192.168.1.6:63686],socket异常:[Connection reset by peer]
[ERROR] 2017-05-17 17:30:36,965 net2/socket_session.cpp(103) : XXX连接远程地址:[192.168.1.6:63688],socket异常:[Connection reset by peer]
[ERROR] 2017-05-17 17:32:05,309 net2/socket_session.cpp(103) : XXX连接远程地址:[192.168.1.6:63689],socket异常:[Connection reset by peer]
[ERROR] 2017-05-17 17:33:11,249 net2/socket_session.cpp(103) : XXX连接远程地址:[192.168.1.6:63692],socket异常:[End of file]
[ERROR] 2017-05-17 17:47:05,351 net2/socket_session.cpp(103) : XXX连接远程地址:[192.168.1.6:63722],socket异常:[End of file]
[ERROR] 2017-05-17 19:21:18,206 net2/socket_session.cpp(103) : XXX连接远程地址:[192.168.1.3:64069],socket异常:[Connection reset by peer]
[ERROR] 2017-05-17 19:24:57,226 net2/socket_session.cpp(103) : XXX连接远程地址:[192.168.1.3:64075],socket异常:[Connection reset by peer]
[ERROR] 2017-05-17 19:34:22,623 net2/socket_session.cpp(103) : XXX连接远程地址:[192.168.1.3:64096],socket异常:[Connection reset by peer]
[ERROR] 2017-05-17 19:37:44,498 net2/socket_session.cpp(103) : XXX连接远程地址:[192.168.1.3:64241],socket异常:[Connection reset by peer]
[ERROR] 2017-05-17 19:48:54,018 net2/socket_session.cpp(103) : XXX连接远程地址:[192.168.1.3:64541],socket异常:[Connection reset by peer]
[ERROR] 2017-05-17 19:49:40,954 net2/socket_session.cpp(103) : XXX连接远程地址:[192.168.1.3:64542],socket异常:[Connection reset by peer]
[ERROR] 2017-05-17 19:51:51,553 net2/socket_session.cpp(103) : XXX连接远程地址:[192.168.1.3:64548],socket异常:[End of file]
[ERROR] 2017-05-17 19:52:50,671 net2/socket_session.cpp(103) : XXX连接远程地址:[192.168.1.3:64551],socket异常:[End of file]
[ERROR] 2017-05-17 19:53:23,982 net2/socket_session.cpp(103) : XXX连接远程地址:[192.168.1.3:64554],socket异常:[End of file]
[ERROR] 2017-05-17 19:53:28,304 net2/socket_session.cpp(103) : XXX连接远程地址:[192.168.1.3:64555],socket异常:[End of file]
[ERROR] 2017-05-17 19:53:31,638 net2/socket_session.cpp(103) : XXX连接远程地址:[192.168.1.3:64556],socket异常:[End of file]
[ERROR] 2017-05-17 19:54:27,109 net2/socket_session.cpp(103) : XXX连接远程地址:[192.168.1.3:64557],socket异常:[End of file]
[ERROR] 2017-05-17 19:54:30,615 net2/socket_session.cpp(103) : XXX连接远程地址:[192.168.1.3:64558],socket异常:[End of file]
[ERROR] 2017-05-17 19:54:36,325 net2/socket_session.cpp(103) : XXX连接远程地址:[192.168.1.3:64559],socket异常:[End of file]
[ERROR] 2017-05-17 19:54:47,029 net2/socket_session.cpp(103) : XXX连接远程地址:[192.168.1.3:64560],socket异常:[Connection reset by peer]
[ERROR] 2017-05-17 19:56:02,149 net2/socket_session.cpp(103) : XXX连接远程地址:[192.168.1.3:64562],socket异常:[End of file]
[ERROR] 2017-05-17 20:00:05,951 net2/socket_session.cpp(103) : XXX连接远程地址:[192.168.1.3:64695],socket异常:[Connection reset by peer]
[ERROR] 2017-05-17 20:03:06,987 net2/socket_session.cpp(103) : XXX连接远程地址:[192.168.1.3:64697],socket异常:[Connection reset by peer]
[ERROR] 2017-05-17 20:07:53,618 net2/socket_session.cpp(103) : XXX连接远程地址:[192.168.1.3:64701],socket异常:[Connection reset by peer]
[ERROR] 2017-05-17 20:08:29,577 net2/socket_session.cpp(103) : XXX连接远程地址:[192.168.1.3:64702],socket异常:[End of file]
[ERROR] 2017-05-17 20:09:11,314 net2/socket_session.cpp(103) : XXX连接远程地址:[192.168.1.3:64703],socket异常:[Connection reset by peer]
[ERROR] 2017-05-17 20:09:36,922 net2/socket_session.cpp(103) : XXX连接远程地址:[192.168.1.3:64704],socket异常:[Connection reset by peer]
[ERROR] 2017-05-17 20:10:16,755 net2/socket_session.cpp(103) : XXX连接远程地址:[192.168.1.3:64705],socket异常:[Connection reset by peer]
[ERROR] 2017-05-17 20:12:17,461 net2/socket_session.cpp(103) : XXX连接远程地址:[192.168.1.3:64707],socket异常:[Connection reset by peer]
[ERROR] 2017-05-17 20:13:31,582 net2/socket_session.cpp(103) : XXX连接远程地址:[192.168.1.3:64713],socket异常:[Connection reset by peer]
[ERROR] 2017-05-17 22:31:49,063 net2/socket_session.cpp(103) : XXX连接远程地址:[192.168.1.3:58163],socket异常:[Connection reset by peer]
[ERROR] 2017-05-17 22:37:34,169 net2/socket_session.cpp(103) : XXX连接远程地址:[192.168.1.3:58178],socket异常:[End of file]
[ERROR] 2017-05-17 22:37:37,714 net2/socket_session.cpp(103) : XXX连接远程地址:[192.168.1.3:58179],socket异常:[End of file]
[ERROR] 2017-05-17 22:37:40,641 net2/socket_session.cpp(103) : XXX连接远程地址:[192.168.1.3:58180],socket异常:[End of file]
[ERROR] 2017-05-17 22:44:29,773 net2/socket_session.cpp(103) : XXX连接远程地址:[192.168.1.3:58301],socket异常:[End of file]
[ERROR] 2017-05-17 22:44:34,226 net2/socket_session.cpp(103) : XXX连接远程地址:[192.168.1.3:58302],socket异常:[End of file]
[ERROR] 2017-05-17 22:44:39,715 net2/socket_session.cpp(103) : XXX连接远程地址:[192.168.1.3:58303],socket异常:[End of file]
[ERROR] 2017-05-17 22:45:10,634 net2/socket_session.cpp(103) : XXX连接远程地址:[192.168.1.3:58304],socket异常:[End of file]
[ERROR] 2017-05-17 22:45:23,280 net2/socket_session.cpp(103) : XXX连接远程地址:[192.168.1.3:58305],socket异常:[End of file]
[ERROR] 2017-05-17 22:45:28,354 net2/socket_session.cpp(103) : XXX连接远程地址:[192.168.1.3:58307],socket异常:[End of file]
[ERROR] 2017-05-17 22:45:32,159 net2/socket_session.cpp(103) : XXX连接远程地址:[192.168.1.3:58308],socket异常:[Connection reset by peer]
[ERROR] 2017-05-17 22:48:24,044 net2/socket_session.cpp(103) : XXX连接远程地址:[192.168.1.3:58313],socket异常:[End of file]
[ERROR] 2017-05-17 22:48:26,403 net2/socket_session.cpp(103) : XXX连接远程地址:[192.168.1.3:58314],socket异常:[End of file]
[ERROR] 2017-05-17 22:48:29,453 net2/socket_session.cpp(103) : XXX连接远程地址:[192.168.1.3:58315],socket异常:[End of file]
[ERROR] 2017-05-17 22:48:34,292 net2/socket_session.cpp(103) : XXX连接远程地址:[192.168.1.3:58318],socket异常:[Connection reset by peer]
[ERROR] 2017-05-17 22:48:41,853 net2/socket_session.cpp(103) : XXX连接远程地址:[192.168.1.3:58319],socket异常:[End of file]
[ERROR] 2017-05-17 22:48:47,034 net2/socket_session.cpp(103) : XXX连接远程地址:[192.168.1.3:58320],socket异常:[Connection reset by peer]
[ERROR] 2017-05-18 10:24:31,886 net2/socket_session.cpp(103) : XXX连接远程地址:[192.168.1.5:58546],socket异常:[Connection reset by peer]
[ERROR] 2017-05-18 10:25:39,726 net2/socket_session.cpp(103) : XXX连接远程地址:[192.168.1.5:58557],socket异常:[Connection reset by peer]
[ERROR] 2017-05-18 10:26:21,645 net2/socket_session.cpp(103) : XXX连接远程地址:[192.168.1.5:58561],socket异常:[Connection reset by peer]
[ERROR] 2017-05-18 10:27:22,553 net2/socket_session.cpp(103) : XXX连接远程地址:[192.168.1.5:58563],socket异常:[Connection reset by peer]
[ERROR] 2017-05-18 10:27:49,225 net2/socket_session.cpp(103) : XXX连接远程地址:[192.168.1.5:58564],socket异常:[Connection reset by peer]
[ERROR] 2017-05-18 10:29:09,112 net2/socket_session.cpp(103) : XXX连接远程地址:[192.168.1.5:58572],socket异常:[Connection reset by peer]
[ERROR] 2017-05-18 10:29:29,266 net2/socket_session.cpp(103) : XXX连接远程地址:[192.168.1.5:58573],socket异常:[Connection reset by peer]
[ERROR] 2017-05-18 10:29:50,300 net2/socket_session.cpp(103) : XXX连接远程地址:[192.168.1.5:58574],socket异常:[Connection reset by peer]
[ERROR] 2017-05-18 11:32:36,243 net2/socket_session.cpp(103) : XXX连接远程地址:[192.168.1.5:59349],socket异常:[Connection reset by peer]
[ERROR] 2017-05-18 11:33:03,632 net2/socket_session.cpp(103) : XXX连接远程地址:[192.168.1.5:59358],socket异常:[Connection reset by peer]
[ERROR] 2017-05-18 11:33:41,859 net2/socket_session.cpp(103) : XXX连接远程地址:[192.168.1.5:59363],socket异常:[Connection reset by peer]
[ERROR] 2017-05-18 11:35:35,862 net2/socket_session.cpp(103) : XXX连接远程地址:[192.168.1.5:59387],socket异常:[Connection reset by peer]
[ERROR] 2017-05-18 11:37:47,644 net2/socket_session.cpp(103) : XXX连接远程地址:[192.168.1.5:59405],socket异常:[Connection reset by peer]
[ERROR] 2017-05-18 11:39:34,073 net2/socket_session.cpp(103) : XXX连接远程地址:[192.168.1.5:59421],socket异常:[Connection reset by peer]
[ERROR] 2017-05-18 11:47:18,919 net2/socket_session.cpp(103) : XXX连接远程地址:[192.168.1.5:59479],socket异常:[Connection reset by peer]
[ERROR] 2017-05-18 11:51:25,164 net2/socket_session.cpp(103) : XXX连接远程地址:[192.168.1.5:59513],socket异常:[Connection reset by peer]
[ERROR] 2017-05-18 11:54:32,187 net2/socket_session.cpp(103) : XXX连接远程地址:[192.168.1.5:59524],socket异常:[Connection reset by peer]
[ERROR] 2017-05-18 11:54:45,407 net2/socket_session.cpp(103) : XXX连接远程地址:[192.168.1.5:59539],socket异常:[Connection reset by peer]
[ERROR] 2017-05-18 20:31:12,082 net2/socket_session.cpp(103) : XXX连接远程地址:[192.168.1.5:59132],socket异常:[End of file]
[ERROR] 2017-05-19 18:21:18,215 net2/socket_session.cpp(103) : XXX连接远程地址:[192.168.1.5:50038],socket异常:[Connection reset by peer]
[ERROR] 2017-05-19 18:22:29,409 net2/socket_session.cpp(103) : XXX连接远程地址:[192.168.1.5:50054],socket异常:[Connection reset by peer]
[ERROR] 2017-05-19 18:24:39,242 net2/socket_session.cpp(103) : XXX连接远程地址:[192.168.1.5:50067],socket异常:[End of file]
[ERROR] 2017-05-19 18:26:32,207 net2/socket_session.cpp(103) : XXX连接远程地址:[192.168.1.5:50076],socket异常:[Connection reset by peer]
[ERROR] 2017-05-19 20:03:47,410 net2/socket_session.cpp(103) : XXX连接远程地址:[192.168.1.11:58793],socket异常:[End of file]
[ERROR] 2017-05-19 20:03:52,491 net2/socket_session.cpp(103) : XXX连接远程地址:[192.168.1.11:58795],socket异常:[End of file]
[ERROR] 2017-05-21 11:05:00,829 net2/socket_session.cpp(103) : XXX连接远程地址:[192.168.1.6:63199],socket异常:[Connection reset by peer]
[ERROR] 2017-05-21 11:05:51,388 net2/socket_session.cpp(103) : XXX连接远程地址:[192.168.1.6:63202],socket异常:[Connection reset by peer]
[ERROR] 2017-05-21 11:07:34,699 net2/socket_session.cpp(103) : XXX连接远程地址:[192.168.1.6:63210],socket异常:[End of file]
[ERROR] 2017-05-21 11:07:39,907 net2/socket_session.cpp(103) : XXX连接远程地址:[192.168.1.6:63212],socket异常:[Connection reset by peer]
[ERROR] 2017-05-21 11:08:42,532 net2/socket_session.cpp(103) : XXX连接远程地址:[192.168.1.6:63216],socket异常:[End of file]
[ERROR] 2017-05-21 11:08:57,676 net2/socket_session.cpp(103) : XXX连接远程地址:[192.168.1.6:63218],socket异常:[End of file]
[ERROR] 2017-05-21 11:11:09,128 net2/socket_session.cpp(103) : XXX连接远程地址:[192.168.1.6:63223],socket异常:[End of file]
[ERROR] 2017-05-21 11:12:39,112 net2/socket_session.cpp(103) : XXX连接远程地址:[192.168.1.6:63228],socket异常:[End of file]
[ERROR] 2017-05-21 11:14:24,544 net2/socket_session.cpp(103) : XXX连接远程地址:[192.168.1.6:63235],socket异常:[Connection reset by peer]
[ERROR] 2017-05-21 11:31:24,747 net2/socket_session.cpp(103) : XXX连接远程地址:[192.168.1.6:63270],socket异常:[Connection reset by peer]
[ERROR] 2017-05-21 11:31:48,937 net2/socket_session.cpp(103) : XXX连接远程地址:[192.168.1.6:63272],socket异常:[End of file]
[ERROR] 2017-05-21 11:32:05,524 net2/socket_session.cpp(103) : XXX连接远程地址:[192.168.1.6:63273],socket异常:[Connection reset by peer]
[ERROR] 2017-05-21 11:32:49,200 net2/socket_session.cpp(103) : XXX连接远程地址:[192.168.1.6:63276],socket异常:[End of file]
[ERROR] 2017-05-21 11:33:02,697 net2/socket_session.cpp(103) : XXX连接远程地址:[192.168.1.6:63277],socket异常:[End of file]
[ERROR] 2017-05-21 11:34:57,400 net2/socket_session.cpp(103) : XXX连接远程地址:[192.168.1.6:63280],socket异常:[End of file]
[ERROR] 2017-05-21 11:35:04,024 net2/socket_session.cpp(103) : XXX连接远程地址:[192.168.1.6:63281],socket异常:[End of file]
[ERROR] 2017-05-21 11:35:14,999 net2/socket_session.cpp(103) : XXX连接远程地址:[192.168.1.6:63282],socket异常:[End of file]
[ERROR] 2017-05-21 11:44:17,344 net2/socket_session.cpp(103) : XXX连接远程地址:[192.168.1.6:63301],socket异常:[End of file]
[ERROR] 2017-05-21 11:45:35,817 net2/socket_session.cpp(103) : XXX连接远程地址:[192.168.1.6:63303],socket异常:[Connection reset by peer]
[ERROR] 2017-05-21 11:48:13,414 net2/socket_session.cpp(103) : XXX连接远程地址:[192.168.1.6:63329],socket异常:[Connection reset by peer]
[ERROR] 2017-05-21 11:49:07,550 net2/socket_session.cpp(103) : XXX连接远程地址:[192.168.1.6:63333],socket异常:[Connection reset by peer]
[ERROR] 2017-05-21 11:49:41,871 net2/socket_session.cpp(103) : XXX连接远程地址:[192.168.1.6:63334],socket异常:[Connection reset by peer]
[ERROR] 2017-05-21 11:59:32,571 net2/socket_session.cpp(103) : XXX连接远程地址:[192.168.1.6:63396],socket异常:[Connection reset by peer]
[ERROR] 2017-05-21 12:00:15,432 net2/socket_session.cpp(103) : XXX连接远程地址:[192.168.1.6:63401],socket异常:[End of file]
[ERROR] 2017-05-21 12:00:19,098 net2/socket_session.cpp(103) : XXX连接远程地址:[192.168.1.6:63402],socket异常:[Connection reset by peer]
[ERROR] 2017-05-21 12:01:15,040 net2/socket_session.cpp(103) : XXX连接远程地址:[192.168.1.6:63408],socket异常:[Connection reset by peer]
[ERROR] 2017-05-21 12:02:26,426 net2/socket_session.cpp(103) : XXX连接远程地址:[192.168.1.6:63413],socket异常:[Connection reset by peer]
[ERROR] 2017-05-21 12:02:53,851 net2/socket_session.cpp(103) : XXX连接远程地址:[192.168.1.6:63419],socket异常:[Connection reset by peer]
[ERROR] 2017-05-21 12:03:11,024 net2/socket_session.cpp(103) : XXX连接远程地址:[192.168.1.6:63421],socket异常:[End of file]
[ERROR] 2017-05-21 12:03:52,246 net2/socket_session.cpp(103) : XXX连接远程地址:[192.168.1.6:63423],socket异常:[Connection reset by peer]
[ERROR] 2017-05-21 16:30:40,367 net2/socket_session.cpp(103) : XXX连接远程地址:[192.168.1.5:63624],socket异常:[Connection reset by peer]
[ERROR] 2017-05-21 16:33:55,440 net2/socket_session.cpp(103) : XXX连接远程地址:[192.168.1.5:63626],socket异常:[Connection reset by peer]
[ERROR] 2017-05-21 16:34:11,652 net2/socket_session.cpp(103) : XXX连接远程地址:[192.168.1.5:63667],socket异常:[Connection reset by peer]
[ERROR] 2017-05-21 16:35:12,984 net2/socket_session.cpp(103) : XXX连接远程地址:[192.168.1.5:63670],socket异常:[Connection reset by peer]
[ERROR] 2017-05-21 16:35:55,053 net2/socket_session.cpp(103) : XXX连接远程地址:[192.168.1.5:63672],socket异常:[End of file]
[ERROR] 2017-05-21 16:35:57,781 net2/socket_session.cpp(103) : XXX连接远程地址:[192.168.1.5:63673],socket异常:[End of file]
[ERROR] 2017-05-21 16:36:02,900 net2/socket_session.cpp(103) : XXX连接远程地址:[192.168.1.5:63674],socket异常:[End of file]
[ERROR] 2017-05-21 16:42:25,848 net2/socket_session.cpp(103) : XXX连接远程地址:[192.168.1.5:63686],socket异常:[Connection reset by peer]
[ERROR] 2017-05-21 16:43:53,647 net2/socket_session.cpp(103) : XXX连接远程地址:[192.168.1.5:63747],socket异常:[Connection reset by peer]
[ERROR] 2017-05-21 16:44:10,617 net2/socket_session.cpp(103) : XXX连接远程地址:[192.168.1.5:63752],socket异常:[End of file]
[ERROR] 2017-05-21 16:45:07,223 net2/socket_session.cpp(103) : XXX连接远程地址:[192.168.1.5:63753],socket异常:[Connection reset by peer]
[ERROR] 2017-05-21 16:47:35,176 net2/socket_session.cpp(103) : XXX连接远程地址:[192.168.1.5:63757],socket异常:[Connection reset by peer]
[ERROR] 2017-05-21 16:48:33,962 net2/socket_session.cpp(103) : XXX连接远程地址:[192.168.1.5:63758],socket异常:[Connection reset by peer]
[ERROR] 2017-05-21 16:49:09,271 net2/socket_session.cpp(103) : XXX连接远程地址:[192.168.1.5:63761],socket异常:[Connection reset by peer]
[ERROR] 2017-05-21 16:49:37,893 net2/socket_session.cpp(103) : XXX连接远程地址:[192.168.1.5:63764],socket异常:[Connection reset by peer]
[ERROR] 2017-05-21 16:50:04,042 net2/socket_session.cpp(103) : XXX连接远程地址:[192.168.1.5:63765],socket异常:[Connection reset by peer]
[ERROR] 2017-05-21 16:52:57,328 net2/socket_session.cpp(103) : XXX连接远程地址:[192.168.1.5:63937],socket异常:[Connection reset by peer]
[ERROR] 2017-05-21 16:55:51,379 net2/socket_session.cpp(103) : XXX连接远程地址:[192.168.1.5:63949],socket异常:[Connection reset by peer]
[ERROR] 2017-05-21 16:57:56,475 net2/socket_session.cpp(103) : XXX连接远程地址:[192.168.1.5:63984],socket异常:[End of file]
[ERROR] 2017-05-21 17:00:20,767 net2/socket_session.cpp(103) : XXX连接远程地址:[192.168.1.5:64002],socket异常:[Connection reset by peer]
[ERROR] 2017-05-21 17:08:27,397 net2/socket_session.cpp(103) : XXX连接远程地址:[192.168.1.5:64079],socket异常:[Connection reset by peer]
[ERROR] 2017-05-21 17:10:41,643 net2/socket_session.cpp(103) : XXX连接远程地址:[192.168.1.5:64082],socket异常:[Connection reset by peer]
[ERROR] 2017-05-21 17:10:56,997 net2/socket_session.cpp(103) : XXX连接远程地址:[192.168.1.5:64098],socket异常:[Connection reset by peer]
[ERROR] 2017-05-21 17:18:03,339 net2/socket_session.cpp(103) : XXX连接远程地址:[192.168.1.5:64483],socket异常:[Connection reset by peer]
[ERROR] 2017-05-21 17:20:16,871 net2/socket_session.cpp(103) : XXX连接远程地址:[192.168.1.5:64539],socket异常:[Connection reset by peer]
[ERROR] 2017-05-21 17:21:49,160 net2/socket_session.cpp(103) : XXX连接远程地址:[192.168.1.5:64542],socket异常:[Connection reset by peer]
[ERROR] 2017-05-21 17:27:38,323 net2/socket_session.cpp(103) : XXX连接远程地址:[192.168.1.5:64592],socket异常:[Connection reset by peer]
[ERROR] 2017-05-22 15:09:46,872 net2/socket_session.cpp(103) : XXX连接远程地址:[192.168.1.17:50614],socket异常:[Connection reset by peer]
[ERROR] 2017-05-22 15:12:20,227 net2/socket_session.cpp(103) : XXX连接远程地址:[192.168.1.17:50651],socket异常:[Connection reset by peer]
[ERROR] 2017-05-22 15:16:56,555 net2/socket_session.cpp(103) : XXX连接远程地址:[192.168.1.17:50718],socket异常:[Connection reset by peer]
[ERROR] 2017-05-22 15:45:56,093 net2/socket_session.cpp(103) : XXX连接远程地址:[192.168.1.17:51419],socket异常:[Connection reset by peer]
[ERROR] 2017-05-23 14:27:42,799 net2/socket_session.cpp(103) : XXX连接远程地址:[192.168.1.2:52776],socket异常:[Connection reset by peer]
[ERROR] 2017-05-23 14:30:46,373 net2/socket_session.cpp(103) : XXX连接远程地址:[192.168.1.2:52850],socket异常:[Connection reset by peer]
[ERROR] 2017-05-23 14:31:45,423 net2/socket_session.cpp(103) : XXX连接远程地址:[192.168.1.2:52873],socket异常:[Connection reset by peer]
[ERROR] 2017-05-23 14:32:10,898 net2/socket_session.cpp(103) : XXX连接远程地址:[192.168.1.2:52887],socket异常:[Connection reset by peer]
[ERROR] 2017-05-23 14:34:18,250 net2/socket_session.cpp(103) : XXX连接远程地址:[192.168.1.2:52926],socket异常:[Connection reset by peer]
[ERROR] 2017-05-23 14:39:18,461 net2/socket_session.cpp(103) : XXX连接远程地址:[192.168.1.2:52978],socket异常:[Connection reset by peer]
[ERROR] 2017-05-23 14:39:51,757 net2/socket_session.cpp(103) : XXX连接远程地址:[192.168.1.2:52984],socket异常:[Connection reset by peer]
[ERROR] 2017-05-23 14:41:03,685 net2/socket_session.cpp(103) : XXX连接远程地址:[192.168.1.2:52989],socket异常:[Connection reset by peer]
[ERROR] 2017-05-23 14:43:08,212 net2/socket_session.cpp(103) : XXX连接远程地址:[192.168.1.2:52999],socket异常:[Connection reset by peer]
[ERROR] 2017-05-23 14:55:03,923 net2/socket_session.cpp(103) : XXX连接远程地址:[192.168.1.2:53125],socket异常:[Connection reset by peer]
[ERROR] 2017-05-23 14:55:28,633 net2/socket_session.cpp(103) : XXX连接远程地址:[192.168.1.2:53141],socket异常:[Connection reset by peer]
[ERROR] 2017-05-23 14:57:05,493 net2/socket_session.cpp(103) : XXX连接远程地址:[192.168.1.2:53155],socket异常:[Connection reset by peer]
[ERROR] 2017-05-23 14:57:30,013 net2/socket_session.cpp(103) : XXX连接远程地址:[192.168.1.2:53158],socket异常:[Connection reset by peer]
[ERROR] 2017-05-23 15:01:15,051 net2/socket_session.cpp(103) : XXX连接远程地址:[192.168.1.2:53165],socket异常:[Connection reset by peer]
[ERROR] 2017-05-23 15:07:20,800 net2/socket_session.cpp(103) : XXX连接远程地址:[192.168.1.2:53290],socket异常:[Connection reset by peer]
[ERROR] 2017-05-23 15:13:21,811 net2/socket_session.cpp(103) : XXX连接远程地址:[192.168.1.2:53688],socket异常:[Connection reset by peer]
[ERROR] 2017-05-23 15:15:08,053 net2/socket_session.cpp(103) : XXX连接远程地址:[192.168.1.2:53735],socket异常:[Connection reset by peer]
[ERROR] 2017-05-23 15:35:52,089 net2/socket_session.cpp(103) : XXX连接远程地址:[192.168.1.2:54194],socket异常:[Connection reset by peer]
[ERROR] 2017-05-23 15:38:08,772 net2/socket_session.cpp(103) : XXX连接远程地址:[192.168.1.2:54244],socket异常:[Connection reset by peer]
[ERROR] 2017-05-23 15:38:22,260 net2/socket_session.cpp(103) : XXX连接远程地址:[192.168.1.2:54264],socket异常:[Connection reset by peer]
[ERROR] 2017-05-23 15:39:07,962 net2/socket_session.cpp(103) : XXX连接远程地址:[192.168.1.2:54273],socket异常:[Connection reset by peer]
[ERROR] 2017-05-23 15:40:51,931 net2/socket_session.cpp(103) : XXX连接远程地址:[192.168.1.2:54279],socket异常:[Connection reset by peer]
[ERROR] 2017-05-23 15:42:12,695 net2/socket_session.cpp(103) : XXX连接远程地址:[192.168.1.2:54309],socket异常:[Connection reset by peer]
[ERROR] 2017-05-23 15:43:37,158 net2/socket_session.cpp(103) : XXX连接远程地址:[192.168.1.2:54328],socket异常:[End of file]
[ERROR] 2017-05-23 15:45:41,350 net2/socket_session.cpp(103) : XXX连接远程地址:[192.168.1.2:54349],socket异常:[Connection reset by peer]
[ERROR] 2017-05-23 15:46:32,654 net2/socket_session.cpp(103) : XXX连接远程地址:[192.168.1.2:54361],socket异常:[Connection reset by peer]
[ERROR] 2017-05-23 15:48:26,729 net2/socket_session.cpp(103) : XXX连接远程地址:[192.168.1.2:54374],socket异常:[End of file]
[ERROR] 2017-05-23 15:49:18,550 net2/socket_session.cpp(103) : XXX连接远程地址:[192.168.1.2:54383],socket异常:[End of file]
[ERROR] 2017-05-23 15:53:29,315 net2/socket_session.cpp(103) : XXX连接远程地址:[192.168.1.2:54388],socket异常:[Connection reset by peer]
[ERROR] 2017-05-23 15:53:37,005 net2/socket_session.cpp(103) : XXX连接远程地址:[192.168.1.2:54413],socket异常:[Connection reset by peer]
[ERROR] 2017-05-23 15:54:23,708 net2/socket_session.cpp(103) : XXX连接远程地址:[192.168.1.2:54420],socket异常:[Connection reset by peer]
[ERROR] 2017-05-23 15:56:05,810 net2/socket_session.cpp(103) : XXX连接远程地址:[192.168.1.2:54446],socket异常:[Connection reset by peer]
[ERROR] 2017-05-23 15:56:44,228 net2/socket_session.cpp(103) : XXX连接远程地址:[192.168.1.2:54453],socket异常:[Connection reset by peer]
[ERROR] 2017-05-23 15:57:40,408 net2/socket_session.cpp(103) : XXX连接远程地址:[192.168.1.2:54463],socket异常:[Connection reset by peer]
[ERROR] 2017-05-23 15:58:11,674 net2/socket_session.cpp(103) : XXX连接远程地址:[192.168.1.2:54469],socket异常:[Connection reset by peer]
[ERROR] 2017-05-23 15:59:08,149 net2/socket_session.cpp(103) : XXX连接远程地址:[192.168.1.2:54476],socket异常:[Connection reset by peer]
[ERROR] 2017-05-23 15:59:56,878 net2/socket_session.cpp(103) : XXX连接远程地址:[192.168.1.2:54480],socket异常:[Connection reset by peer]
[ERROR] 2017-05-23 16:02:47,841 net2/socket_session.cpp(103) : XXX连接远程地址:[192.168.1.2:54499],socket异常:[Connection reset by peer]
[ERROR] 2017-05-23 16:07:04,070 net2/socket_session.cpp(103) : XXX连接远程地址:[192.168.1.2:54537],socket异常:[Connection reset by peer]
[ERROR] 2017-05-23 16:07:08,612 net2/socket_session.cpp(103) : XXX连接远程地址:[192.168.1.2:54505],socket异常:[Connection reset by peer]
[ERROR] 2017-05-24 16:13:01,146 net2/socket_session.cpp(103) : XXX连接远程地址:[192.168.1.11:57712],socket异常:[Connection reset by peer]
[ERROR] 2017-05-24 16:34:01,712 net2/socket_session.cpp(103) : XXX连接远程地址:[192.168.1.11:57753],socket异常:[Connection reset by peer]
[ERROR] 2017-05-24 16:34:25,816 net2/socket_session.cpp(103) : XXX连接远程地址:[192.168.1.11:57756],socket异常:[Connection reset by peer]
[ERROR] 2017-05-24 16:38:16,015 net2/socket_session.cpp(103) : XXX连接远程地址:[192.168.1.11:57760],socket异常:[Connection reset by peer]
[ERROR] 2017-05-24 16:40:46,334 net2/socket_session.cpp(103) : XXX连接远程地址:[192.168.1.11:57767],socket异常:[Connection reset by peer]
[ERROR] 2017-05-24 16:41:45,114 net2/socket_session.cpp(103) : XXX连接远程地址:[192.168.1.11:57770],socket异常:[Connection reset by peer]
[ERROR] 2017-05-24 16:46:26,518 net2/socket_session.cpp(103) : XXX连接远程地址:[192.168.1.11:57779],socket异常:[Connection reset by peer]
[ERROR] 2017-05-24 16:52:26,418 net2/socket_session.cpp(103) : XXX连接远程地址:[192.168.1.11:57789],socket异常:[Connection reset by peer]
[ERROR] 2017-05-24 16:52:58,327 net2/socket_session.cpp(103) : XXX连接远程地址:[192.168.1.11:57792],socket异常:[Connection reset by peer]
[ERROR] 2017-05-24 17:04:19,269 net2/socket_session.cpp(103) : XXX连接远程地址:[192.168.1.11:57798],socket异常:[Connection reset by peer]
[ERROR] 2017-05-24 17:07:06,247 net2/socket_session.cpp(103) : XXX连接远程地址:[192.168.1.11:57799],socket异常:[End of file]
[ERROR] 2017-05-24 17:27:37,033 net2/socket_session.cpp(103) : XXX连接远程地址:[192.168.1.11:58148],socket异常:[Connection reset by peer]
[ERROR] 2017-05-24 18:38:15,762 net2/socket_session.cpp(103) : XXX连接远程地址:[192.168.1.11:58528],socket异常:[Connection reset by peer]
[ERROR] 2017-05-24 18:43:50,940 net2/socket_session.cpp(103) : XXX连接远程地址:[192.168.1.11:58539],socket异常:[Connection reset by peer]
[ERROR] 2017-05-24 19:14:35,015 net2/socket_session.cpp(103) : XXX连接远程地址:[192.168.1.11:58580],socket异常:[Connection reset by peer]
[ERROR] 2017-05-24 19:50:19,388 net2/socket_session.cpp(103) : XXX连接远程地址:[192.168.1.11:58677],socket异常:[Connection reset by peer]
[ERROR] 2017-05-24 19:55:11,835 net2/socket_session.cpp(103) : XXX连接远程地址:[192.168.1.11:58686],socket异常:[Connection reset by peer]
[ERROR] 2017-05-24 19:57:08,311 net2/socket_session.cpp(103) : XXX连接远程地址:[192.168.1.11:58689],socket异常:[Connection reset by peer]
[ERROR] 2017-05-24 19:58:39,635 net2/socket_session.cpp(103) : XXX连接远程地址:[192.168.1.11:58695],socket异常:[Connection reset by peer]
[ERROR] 2017-05-24 20:00:14,526 net2/socket_session.cpp(103) : XXX连接远程地址:[192.168.1.11:58698],socket异常:[Connection reset by peer]
[ERROR] 2017-05-24 20:01:09,950 net2/socket_session.cpp(103) : XXX连接远程地址:[192.168.1.11:58701],socket异常:[Connection reset by peer]
[ERROR] 2017-05-24 20:01:39,907 net2/socket_session.cpp(103) : XXX连接远程地址:[192.168.1.11:58706],socket异常:[Connection reset by peer]
[ERROR] 2017-05-24 20:02:11,227 net2/socket_session.cpp(103) : XXX连接远程地址:[192.168.1.11:58709],socket异常:[Connection reset by peer]
[ERROR] 2017-05-24 20:03:29,901 net2/socket_session.cpp(103) : XXX连接远程地址:[192.168.1.11:58712],socket异常:[Connection reset by peer]
[ERROR] 2017-05-24 20:04:33,429 net2/socket_session.cpp(103) : XXX连接远程地址:[192.168.1.11:58715],socket异常:[Connection reset by peer]
[ERROR] 2017-05-24 20:05:31,824 net2/socket_session.cpp(103) : XXX连接远程地址:[192.168.1.11:58718],socket异常:[Connection reset by peer]
[ERROR] 2017-05-24 20:06:40,366 net2/socket_session.cpp(103) : XXX连接远程地址:[192.168.1.11:58722],socket异常:[Connection reset by peer]
[ERROR] 2017-05-24 20:07:54,761 net2/socket_session.cpp(103) : XXX连接远程地址:[192.168.1.11:58723],socket异常:[Connection reset by peer]
[ERROR] 2017-05-24 20:21:18,210 net2/socket_session.cpp(103) : XXX连接远程地址:[192.168.1.11:58725],socket异常:[Connection reset by peer]
[ERROR] 2017-05-24 20:38:54,744 net2/socket_session.cpp(103) : XXX连接远程地址:[192.168.1.11:50987],socket异常:[Connection reset by peer]
[ERROR] 2017-05-24 20:40:57,743 net2/socket_session.cpp(103) : XXX连接远程地址:[192.168.1.11:50995],socket异常:[Connection reset by peer]
[ERROR] 2017-05-24 20:41:52,134 net2/socket_session.cpp(103) : XXX连接远程地址:[192.168.1.11:50998],socket异常:[Connection reset by peer]
[ERROR] 2017-05-24 20:44:39,797 net2/socket_session.cpp(103) : XXX连接远程地址:[192.168.1.11:51002],socket异常:[Connection reset by peer]
[ERROR] 2017-05-24 20:48:22,570 net2/socket_session.cpp(103) : XXX连接远程地址:[192.168.1.11:51124],socket异常:[Connection reset by peer]
[ERROR] 2017-05-24 20:48:29,935 net2/socket_session.cpp(103) : XXX连接远程地址:[192.168.1.11:51126],socket异常:[End of file]
[ERROR] 2017-05-24 20:49:27,244 net2/socket_session.cpp(103) : XXX连接远程地址:[192.168.1.11:51127],socket异常:[Connection reset by peer]
[ERROR] 2017-05-24 20:50:10,995 net2/socket_session.cpp(103) : XXX连接远程地址:[192.168.1.11:51128],socket异常:[End of file]
[ERROR] 2017-05-24 20:51:08,125 net2/socket_session.cpp(103) : XXX连接远程地址:[192.168.1.11:51129],socket异常:[Connection reset by peer]
[ERROR] 2017-05-24 20:51:42,187 net2/socket_session.cpp(103) : XXX连接远程地址:[192.168.1.11:51130],socket异常:[Connection reset by peer]
[ERROR] 2017-05-24 20:53:35,971 net2/socket_session.cpp(103) : XXX连接远程地址:[192.168.1.11:51133],socket异常:[Connection reset by peer]
[ERROR] 2017-05-24 20:54:10,564 net2/socket_session.cpp(103) : XXX连接远程地址:[192.168.1.11:51140],socket异常:[Connection reset by peer]
[ERROR] 2017-05-24 20:54:47,650 net2/socket_session.cpp(103) : XXX连接远程地址:[192.168.1.11:51142],socket异常:[Connection reset by peer]
[ERROR] 2017-05-24 20:55:29,491 net2/socket_session.cpp(103) : XXX连接远程地址:[192.168.1.11:51146],socket异常:[Connection reset by peer]
[ERROR] 2017-05-24 20:56:02,309 net2/socket_session.cpp(103) : XXX连接远程地址:[192.168.1.11:51147],socket异常:[Connection reset by peer]
[ERROR] 2017-05-24 21:00:24,736 net2/socket_session.cpp(103) : XXX连接远程地址:[192.168.1.11:51171],socket异常:[Connection reset by peer]
[ERROR] 2017-05-24 21:06:42,348 net2/socket_session.cpp(103) : XXX连接远程地址:[192.168.1.11:51173],socket异常:[Connection reset by peer]
[ERROR] 2017-05-24 21:07:34,334 net2/socket_session.cpp(103) : XXX连接远程地址:[192.168.1.11:51226],socket异常:[End of file]
[ERROR] 2017-05-24 21:08:19,413 net2/socket_session.cpp(103) : XXX连接远程地址:[192.168.1.11:51227],socket异常:[Connection reset by peer]
[ERROR] 2017-05-24 21:10:25,583 net2/socket_session.cpp(103) : XXX连接远程地址:[192.168.1.11:51230],socket异常:[Connection reset by peer]
[ERROR] 2017-05-24 21:14:36,207 net2/socket_session.cpp(103) : XXX连接远程地址:[192.168.1.11:51373],socket异常:[Connection reset by peer]
[ERROR] 2017-05-24 21:22:08,990 net2/socket_session.cpp(103) : XXX连接远程地址:[192.168.1.11:51378],socket异常:[End of file]
[ERROR] 2017-05-24 21:24:53,002 net2/socket_session.cpp(103) : XXX连接远程地址:[192.168.1.11:51395],socket异常:[Connection reset by peer]
[ERROR] 2017-05-24 21:27:20,860 net2/socket_session.cpp(103) : XXX连接远程地址:[192.168.1.11:51398],socket异常:[Connection reset by peer]
[ERROR] 2017-05-24 21:45:53,685 net2/socket_session.cpp(103) : XXX连接远程地址:[192.168.1.11:51629],socket异常:[Connection reset by peer]
[ERROR] 2017-05-24 21:50:40,235 net2/socket_session.cpp(103) : XXX连接远程地址:[192.168.1.11:51636],socket异常:[End of file]
[ERROR] 2017-05-24 21:51:55,485 net2/socket_session.cpp(103) : XXX连接远程地址:[192.168.1.11:52144],socket异常:[Connection reset by peer]
[ERROR] 2017-05-24 21:52:42,067 net2/socket_session.cpp(103) : XXX连接远程地址:[192.168.1.11:52146],socket异常:[Connection reset by peer]
[ERROR] 2017-05-24 21:55:15,220 net2/socket_session.cpp(103) : XXX连接远程地址:[192.168.1.11:52150],socket异常:[Connection reset by peer]
[ERROR] 2017-05-24 21:56:28,927 net2/socket_session.cpp(103) : XXX连接远程地址:[192.168.1.11:52151],socket异常:[End of file]
[ERROR] 2017-05-24 21:59:42,738 net2/socket_session.cpp(103) : XXX连接远程地址:[192.168.1.11:52154],socket异常:[End of file]
[ERROR] 2017-05-24 22:01:04,963 net2/socket_session.cpp(103) : XXX连接远程地址:[192.168.1.11:52155],socket异常:[End of file]
[ERROR] 2017-05-24 22:03:39,463 net2/socket_session.cpp(103) : XXX连接远程地址:[192.168.1.11:52162],socket异常:[End of file]
[ERROR] 2017-05-24 22:03:52,917 net2/socket_session.cpp(103) : XXX连接远程地址:[192.168.1.11:52163],socket异常:[End of file]
[ERROR] 2017-05-24 22:04:15,124 net2/socket_session.cpp(103) : XXX连接远程地址:[192.168.1.11:52164],socket异常:[End of file]
[ERROR] 2017-05-24 22:04:32,837 net2/socket_session.cpp(103) : XXX连接远程地址:[192.168.1.11:52165],socket异常:[Connection reset by peer]
[ERROR] 2017-05-24 22:06:36,438 net2/socket_session.cpp(103) : XXX连接远程地址:[192.168.1.11:52166],socket异常:[End of file]
[ERROR] 2017-05-24 22:07:05,588 net2/socket_session.cpp(103) : XXX连接远程地址:[192.168.1.11:52167],socket异常:[Connection reset by peer]
[ERROR] 2017-05-24 22:08:43,669 net2/socket_session.cpp(103) : XXX连接远程地址:[192.168.1.11:52169],socket异常:[Connection reset by peer]
[ERROR] 2017-05-24 22:12:35,847 net2/socket_session.cpp(103) : XXX连接远程地址:[192.168.1.11:52182],socket异常:[End of file]
[ERROR] 2017-05-24 22:13:03,798 net2/socket_session.cpp(103) : XXX连接远程地址:[192.168.1.11:52184],socket异常:[Connection reset by peer]
[ERROR] 2017-05-24 22:14:52,688 net2/socket_session.cpp(103) : XXX连接远程地址:[192.168.1.11:52189],socket异常:[Connection reset by peer]
[ERROR] 2017-05-24 22:17:40,512 net2/socket_session.cpp(103) : XXX连接远程地址:[192.168.1.11:52193],socket异常:[Connection reset by peer]
[ERROR] 2017-05-24 22:18:12,290 net2/socket_session.cpp(103) : XXX连接远程地址:[192.168.1.11:52194],socket异常:[Connection reset by peer]
[ERROR] 2017-05-24 22:21:36,412 net2/socket_session.cpp(103) : XXX连接远程地址:[192.168.1.11:52198],socket异常:[Connection reset by peer]
[ERROR] 2017-05-24 22:21:59,366 net2/socket_session.cpp(103) : XXX连接远程地址:[192.168.1.11:52199],socket异常:[End of file]
[ERROR] 2017-05-24 22:22:21,233 net2/socket_session.cpp(103) : XXX连接远程地址:[192.168.1.11:52200],socket异常:[Connection reset by peer]
[ERROR] 2017-05-24 22:23:52,618 net2/socket_session.cpp(103) : XXX连接远程地址:[192.168.1.11:52201],socket异常:[Connection reset by peer]
[ERROR] 2017-05-24 22:27:46,543 net2/socket_session.cpp(103) : XXX连接远程地址:[192.168.1.11:52220],socket异常:[Connection reset by peer]
[ERROR] 2017-05-24 22:29:05,109 net2/socket_session.cpp(103) : XXX连接远程地址:[192.168.1.11:52221],socket异常:[Connection reset by peer]
[ERROR] 2017-05-24 22:39:18,089 net2/socket_session.cpp(103) : XXX连接远程地址:[192.168.1.11:52234],socket异常:[Connection reset by peer]
[ERROR] 2017-05-24 22:40:26,950 net2/socket_session.cpp(103) : XXX连接远程地址:[192.168.1.11:52242],socket异常:[Connection reset by peer]
[ERROR] 2017-05-24 22:43:12,873 net2/socket_session.cpp(103) : XXX连接远程地址:[192.168.1.11:52246],socket异常:[End of file]
[ERROR] 2017-05-24 22:43:21,373 net2/socket_session.cpp(103) : XXX连接远程地址:[192.168.1.11:52247],socket异常:[Connection reset by peer]
[ERROR] 2017-05-24 22:44:04,285 net2/socket_session.cpp(103) : XXX连接远程地址:[192.168.1.11:52250],socket异常:[Connection reset by peer]
[ERROR] 2017-05-24 22:45:39,111 net2/socket_session.cpp(103) : XXX连接远程地址:[192.168.1.11:52253],socket异常:[Connection reset by peer]
[ERROR] 2017-05-24 22:52:54,964 net2/socket_session.cpp(103) : XXX连接远程地址:[192.168.1.11:52257],socket异常:[Connection reset by peer]
[ERROR] 2017-05-25 15:45:56,110 net2/socket_session.cpp(103) : XXX连接远程地址:[192.168.1.15:52464],socket异常:[End of file]
[ERROR] 2017-05-25 15:46:41,547 net2/socket_session.cpp(103) : XXX连接远程地址:[192.168.1.15:52521],socket异常:[End of file]
[ERROR] 2017-05-25 15:59:52,059 net2/socket_session.cpp(103) : XXX连接远程地址:[192.168.1.15:52522],socket异常:[Connection reset by peer]
[ERROR] 2017-05-25 16:01:11,141 net2/socket_session.cpp(103) : XXX连接远程地址:[192.168.1.15:53397],socket异常:[Connection reset by peer]
[ERROR] 2017-05-25 16:08:29,024 net2/socket_session.cpp(103) : XXX连接远程地址:[192.168.1.15:53464],socket异常:[End of file]
[ERROR] 2017-05-25 16:11:37,729 net2/socket_session.cpp(103) : XXX连接远程地址:[192.168.1.15:53496],socket异常:[Connection reset by peer]
[ERROR] 2017-05-25 16:12:54,770 net2/socket_session.cpp(103) : XXX连接远程地址:[192.168.1.15:53507],socket异常:[Connection reset by peer]
[ERROR] 2017-05-25 16:13:56,005 net2/socket_session.cpp(103) : XXX连接远程地址:[192.168.1.15:53514],socket异常:[Connection reset by peer]
[ERROR] 2017-05-25 16:14:58,569 net2/socket_session.cpp(103) : XXX连接远程地址:[192.168.1.15:53525],socket异常:[Connection reset by peer]
[ERROR] 2017-05-25 16:15:14,440 net2/socket_session.cpp(103) : XXX连接远程地址:[192.168.1.15:53529],socket异常:[Connection reset by peer]
[ERROR] 2017-05-25 16:15:57,738 net2/socket_session.cpp(103) : XXX连接远程地址:[192.168.1.15:53532],socket异常:[Connection reset by peer]
[ERROR] 2017-05-25 16:18:33,771 net2/socket_session.cpp(103) : XXX连接远程地址:[192.168.1.15:53784],socket异常:[Connection reset by peer]
[ERROR] 2017-05-25 16:19:52,845 net2/socket_session.cpp(103) : XXX连接远程地址:[192.168.1.15:53793],socket异常:[Connection reset by peer]
[ERROR] 2017-05-25 16:20:38,130 net2/socket_session.cpp(103) : XXX连接远程地址:[192.168.1.15:53802],socket异常:[Connection reset by peer]
[ERROR] 2017-05-25 16:27:03,901 net2/socket_session.cpp(103) : XXX连接远程地址:[192.168.1.15:54072],socket异常:[Connection reset by peer]
[ERROR] 2017-05-25 16:31:35,412 net2/socket_session.cpp(103) : XXX连接远程地址:[192.168.1.15:54081],socket异常:[Connection reset by peer]
[ERROR] 2017-05-25 16:35:46,678 net2/socket_session.cpp(103) : XXX连接远程地址:[192.168.1.15:54416],socket异常:[Connection reset by peer]
[ERROR] 2017-05-25 16:36:41,552 net2/socket_session.cpp(103) : XXX连接远程地址:[192.168.1.15:54449],socket异常:[Connection reset by peer]
[ERROR] 2017-05-25 16:39:36,365 net2/socket_session.cpp(103) : XXX连接远程地址:[192.168.1.15:54478],socket异常:[End of file]
[ERROR] 2017-05-25 16:40:23,429 net2/socket_session.cpp(103) : XXX连接远程地址:[192.168.1.15:54486],socket异常:[Connection reset by peer]
[ERROR] 2017-05-25 16:45:55,446 net2/socket_session.cpp(103) : XXX连接远程地址:[192.168.1.15:54544],socket异常:[End of file]
[ERROR] 2017-05-25 16:46:56,672 net2/socket_session.cpp(103) : XXX连接远程地址:[192.168.1.15:54551],socket异常:[End of file]
[ERROR] 2017-05-25 16:52:13,770 net2/socket_session.cpp(103) : XXX连接远程地址:[192.168.1.15:54592],socket异常:[Connection reset by peer]
[ERROR] 2017-05-25 16:52:59,751 net2/socket_session.cpp(103) : XXX连接远程地址:[192.168.1.15:54597],socket异常:[Connection reset by peer]
[ERROR] 2017-05-25 16:54:52,275 net2/socket_session.cpp(103) : XXX连接远程地址:[192.168.1.15:54614],socket异常:[Connection reset by peer]
